[16:27:07.859] [Debug_Mode] Found recipe: Pumpiner (1410) + PortalNut (1215) -> EndPumpiner (5002)
[16:27:07.859] [Debug_Mode] Found recipe: PortalNut (1215) + Pumpiner (1410) -> EndPumpiner (5002)
[16:27:07.860] [Debug_Mode] Found recipe: HurricaneBlover (1420) + Blover (22) -> SuperHurricaneBlover (998)
[16:27:07.860] [Debug_Mode] Found recipe: Blover (22) + HurricaneBlover (1420) -> SuperHurricaneBlover (998)
[16:27:07.861] [Debug_Mode] Found recipe: HugeWallNut (1266) + ObsidianJalapeno (1173) -> UltimateHugeNut (997)
[16:27:07.861] [Debug_Mode] Found recipe: HypnoShroom (8) + CattailGirl (252) -> HypnoCattailGirl_land (994)
[16:27:07.861] [Debug_Mode] Found recipe: CattailGirl (252) + HypnoShroom (8) -> HypnoCattailGirl (993)
[16:27:07.861] [Debug_Mode] Found recipe: IceDoom (1040) + IceShroom (10) -> UltimateIceShroom (992)
[16:27:07.861] [Debug_Mode] Found recipe: IronPea (1020) + HelmetGatling (1306) -> UltimateHelmetGatling (985)
[16:27:07.861] [Debug_Mode] Found recipe: HelmetGatling (1306) + IronPea (1020) -> UltimateHelmetGatling (985)
[16:27:07.861] [Debug_Mode] Found recipe: PortalPea (1208) + LanternSplit (1382) -> UltimateLanternSplit (984)
[16:27:07.861] [Debug_Mode] Found recipe: LanternSplit (1382) + PortalPea (1208) -> UltimateLanternSplit (984)
[16:27:07.861] [Debug_Mode] Found recipe: CattailPlant (1067) + Squalour (248) -> CattailLour (926)
[16:27:07.861] [Debug_Mode] Found recipe: Squalour (248) + CattailPlant (1067) -> CattailLour (926)
[16:27:07.861] [Debug_Mode] Found recipe: CherryJalapeno (1179) + Firecracker (222) -> BambooDragon (979)
[16:27:07.861] [Debug_Mode] Found recipe: Firecracker (222) + CherryJalapeno (1179) -> BambooDragon (979)
[16:27:07.861] [Debug_Mode] Found recipe: ObsidianJalapeno (1173) + ObsidianJalapeno (1173) -> UltimateJalapeno (977)
[16:27:07.862] [Debug_Mode] Found recipe: CornCaltrop (1337) + SquashSpike (1063) -> SuperCaltrop (970)
[16:27:07.862] [Debug_Mode] Found recipe: SquashSpike (1063) + CornCaltrop (1337) -> SuperCaltrop (970)
[16:27:07.862] [Debug_Mode] Found recipe: BigSeaShroom (1175) + PuffSeaShroom (1302) -> UltimateSeaShroom (960)
[16:27:07.862] [Debug_Mode] Found recipe: DoomCherry (1332) + CherryBomb (2) -> NuclearDoomCherry (959)
[16:27:07.862] [Debug_Mode] Found recipe: CherryBomb (2) + DoomCherry (1332) -> NuclearDoomCherry (959)
[16:27:07.862] [Debug_Mode] Found recipe: FireCattail (1069) + CherryJalapeno (1179) -> UltimateCattail (958)
[16:27:07.862] [Debug_Mode] Found recipe: WinterMelon (1116) + PortalMelon (1316) -> UltimateWinterMelon (957)
[16:27:07.862] [Debug_Mode] Found recipe: PortalMelon (1316) + WinterMelon (1116) -> UltimateWinterMelon (957)
[16:27:07.862] [Debug_Mode] Found recipe: DoomChomper (1192) + DoomJalapeno (1317) -> DeathChomper (956)
[16:27:07.863] [Debug_Mode] Found recipe: DoomJalapeno (1317) + DoomChomper (1192) -> DeathChomper (956)
[16:27:07.863] [Debug_Mode] Found recipe: GoldSunflower (1188) + TorchSunflower (1304) -> UltimateSunflower (954)
[16:27:07.863] [Debug_Mode] Found recipe: TorchSunflower (1304) + GoldSunflower (1188) -> UltimateSunflower (954)
[16:27:07.863] [Debug_Mode] Found recipe: SmallPuff (6) + SniperPea (1109) -> SniperPuff (1290)
[16:27:07.863] [Debug_Mode] Found recipe: SniperPea (1109) + DoomShroom (11) -> DoomSniper (1272)
[16:27:07.863] [Debug_Mode] Found recipe: DoomShroom (11) + SniperPea (1109) -> DoomSniper (1272)
[16:27:07.863] [Debug_Mode] Found recipe: SniperPea (1109) + Garlic (29) -> GarlicSniper (1329)
[16:27:07.863] [Debug_Mode] Found recipe: Garlic (29) + SniperPea (1109) -> GarlicSniper (1329)
[16:27:07.863] [Debug_Mode] Found recipe: SniperPea (1109) + Jalapeno (16) -> FireSniper (1167)
[16:27:07.863] [Debug_Mode] Found recipe: Jalapeno (16) + SniperPea (1109) -> FireSniper (1167)
[16:27:07.863] [Debug_Mode] Found recipe: SniperPea (1109) + Chomper (5) -> SniperChomper (1424)
[16:27:07.863] [Debug_Mode] Found recipe: Chomper (5) + SniperPea (1109) -> SniperChomper (1424)
[16:27:07.863] [Debug_Mode] Found recipe: SniperPea (1109) + StarFruit (23) -> StarSniper (1429)
[16:27:07.863] [Debug_Mode] Found recipe: StarFruit (23) + SniperPea (1109) -> StarSniper (1429)
[16:27:07.863] [Debug_Mode] Found recipe: SniperPea (1109) + ScaredyShroom (9) -> SniperScaredy (1448)
[16:27:07.863] [Debug_Mode] Found recipe: ScaredyShroom (9) + SniperPea (1109) -> SniperScaredy (1448)
[16:27:07.863] [Debug_Mode] Found recipe: SuperGatling (1168) + ThreePeater (14) -> SuperThreeGatling (1271)
[16:27:07.863] [Debug_Mode] Found recipe: ThreePeater (14) + SuperGatling (1168) -> SuperThreeGatling (1271)
[16:27:07.864] [Debug_Mode] Found recipe: SuperGatling (1168) + HypnoShroom (8) -> SuperHypnoGatling (1292)
[16:27:07.864] [Debug_Mode] Found recipe: HypnoShroom (8) + SuperGatling (1168) -> SuperHypnoGatling (1292)
[16:27:07.864] [Debug_Mode] Found recipe: SuperGatling (1168) + IceShroom (10) -> SuperSnowGatling (1165)
[16:27:07.864] [Debug_Mode] Found recipe: IceShroom (10) + SuperGatling (1168) -> SuperSnowGatling (1165)
[16:27:07.864] [Debug_Mode] Found recipe: SuperGatling (1168) + WallNut (3) -> SuperNutShooter (1423)
[16:27:07.864] [Debug_Mode] Found recipe: WallNut (3) + SuperGatling (1168) -> SuperNutShooter (1423)
[16:27:07.865] [Debug_Mode] Found recipe: BigChomper (1174) + LanternChomper (1241) -> UltimateBigChomper (951)
[16:27:07.865] [Debug_Mode] Found recipe: SuperSpruce (1220) + LotusSpruce (1221) -> UltimateSpruce (947)
[16:27:07.865] [Debug_Mode] Found recipe: LotusSpruce (1221) + SuperSpruce (1220) -> UltimateSpruce (947)
[16:27:07.865] [Debug_Mode] Found recipe: CherryMagnet (1166) + LanternMagnet (1100) -> UltimateMagnet (944)
[16:27:07.865] [Debug_Mode] Found recipe: LanternMagnet (1100) + CherryMagnet (1166) -> UltimateMagnet (944)
[16:27:07.865] [Debug_Mode] Found recipe: CornPuff (1203) + PortalCorn (1210) -> UltimateCorn (943)
[16:27:07.865] [Debug_Mode] Found recipe: IronPuff (1152) + Magnetshroom (25) -> IFVIronPuff (942)
[16:27:07.865] [Debug_Mode] Found recipe: SuperKelp (1066) + TwinMarigold (1140) -> UltimateKelp (941)
[16:27:07.865] [Debug_Mode] Found recipe: FireMelon (1149) + HelmetFume (1160) -> UltimateSpring (940)
[16:27:07.865] [Debug_Mode] Found recipe: HelmetFume (1160) + FireMelon (1149) -> UltimateSpring (940)
[16:27:07.866] [Debug_Mode] Found recipe: LanternCactus (1079) + LanternUmbrella (1185) -> LaserUmbrella (937)
[16:27:07.866] [Debug_Mode] Found recipe: LanternUmbrella (1185) + LanternCactus (1079) -> LaserUmbrella (937)
[16:27:07.866] [Debug_Mode] Found recipe: GoldPot (1137) + SunFlower (1) -> SolarPot (936)
[16:27:07.866] [Debug_Mode] Found recipe: MagnetPumpkin (1092) + Magnetshroom (25) -> IFVPumpkin (935)
[16:27:07.866] [Debug_Mode] Found recipe: GoldCabbage (1135) + SunCabbage (1111) -> UltimateCabbage (934)
[16:27:07.866] [Debug_Mode] Found recipe: SunCabbage (1111) + GoldCabbage (1135) -> UltimateCabbage (934)
[16:27:07.866] [Debug_Mode] Found recipe: ThreeTorch (1055) + GoldMagnet (1150) -> GoldThreeTorch (932)
[16:27:07.867] [Debug_Mode] Found recipe: GoldMagnet (1150) + ThreeTorch (1055) -> GoldThreeTorch (932)
[16:27:07.867] [Debug_Mode] Found recipe: HypnoDoom (1045) + DoomShroom (11) -> SuperHypnoDoom (928)
[16:27:07.867] [Debug_Mode] Found recipe: DoomShroom (11) + HypnoDoom (1045) -> SuperHypnoDoom (928)
[16:27:07.867] [Debug_Mode] Found recipe: BigGatling (1161) + ObsidianJalapeno (1173) -> UltimateBigGatling (927)
[16:27:07.867] [Debug_Mode] Found recipe: DarkThreePeater (1058) + Jalapeno (16) -> AshThreePeater (918)
[16:27:07.867] [Debug_Mode] Found recipe: Jalapeno (16) + DarkThreePeater (1058) -> AshThreePeater (918)
[16:27:07.867] [Debug_Mode] Found recipe: AshThreePeater (918) + Jalapeno (16) -> SuperThreePeater (919)
[16:27:07.868] [Debug_Mode] Found recipe: Jalapeno (16) + AshThreePeater (918) -> SuperThreePeater (919)
[16:27:07.868] [Debug_Mode] Found recipe: HypnoShroom (8) + HypnoShroom (8) -> HypnoEmperor (900)
[16:27:07.868] [Debug_Mode] Found recipe: SunNut (1006) + WallNut (3) -> SuperSunNut (905)
[16:27:07.868] [Debug_Mode] Found recipe: WallNut (3) + SunNut (1006) -> SuperSunNut (905)
[16:27:07.868] [Debug_Mode] Found recipe: IceSpikeRock (1074) + FireSpikeRock (1075) -> ObsidianSpike (906)
[16:27:07.869] [Debug_Mode] Found recipe: FireSpikeRock (1075) + IceSpikeRock (1074) -> ObsidianSpike (906)
[16:27:07.869] [Debug_Mode] Found recipe: TallFireNut (1073) + TallIceNut (1039) -> UltimateTallNut (913)
[16:27:07.869] [Debug_Mode] Found recipe: TallIceNut (1039) + TallFireNut (1073) -> UltimateTallNut (913)
[16:27:07.869] [Debug_Mode] Found recipe: CherryGatling (1017) + SuperCherryShooter (1005) -> UltimateGatling (901)
[16:27:07.869] [Debug_Mode] Found recipe: SuperCherryShooter (1005) + CherryGatling (1017) -> UltimateGatling (901)
[16:27:07.873] [Debug_Mode] Found recipe: SuperTorch (1052) + JalaSquash (1054) -> UltimateTorch (902)
[16:27:07.873] [Debug_Mode] Found recipe: JalaSquash (1054) + SuperTorch (1052) -> UltimateTorch (902)
[16:27:07.873] [Debug_Mode] Found recipe: SuperChomper (1013) + CherryChomper (1016) -> UltimateChomper (903)
[16:27:07.873] [Debug_Mode] Found recipe: CherryChomper (1016) + SuperChomper (1013) -> UltimateChomper (903)
[16:27:07.873] [Debug_Mode] Found recipe: SuperFume (1046) + IceHypno (1041) -> UltimateFume (904)
[16:27:07.873] [Debug_Mode] Found recipe: IceHypno (1041) + SuperFume (1046) -> UltimateFume (904)
[16:27:07.874] [Debug_Mode] Found recipe: GatlingPea (1032) + DoomShroom (11) -> DoomGatling (907)
[16:27:07.874] [Debug_Mode] Found recipe: DoomShroom (11) + GatlingPea (1032) -> DoomGatling (907)
[16:27:07.874] [Debug_Mode] Found recipe: DoomPeashooter (1194) + SplitPea (1090) -> DoomGatling (907)
[16:27:07.874] [Debug_Mode] Found recipe: SplitPea (1090) + DoomPeashooter (1194) -> DoomGatling (907)
[16:27:07.874] [Debug_Mode] Found recipe: SmallPuff (6) + SnowGatling (1106) -> SnowGatlingPuff (908)
[16:27:07.874] [Debug_Mode] Found recipe: GatlingPuff (1065) + IceShroom (10) -> SnowGatlingPuff (908)
[16:27:07.875] [Debug_Mode] Found recipe: IcePuff (1035) + SplitPea (1090) -> SnowGatlingPuff (908)
[16:27:07.875] [Debug_Mode] Found recipe: DoublePuff (1019) + DoubleSnow (1105) -> SnowGatlingPuff (908)
[16:27:07.875] [Debug_Mode] Found recipe: SmallIceShroom (1036) + GatlingPea (1032) -> SnowGatlingPuff (908)
[16:27:07.875] [Debug_Mode] Found recipe: SplitPuff (1153) + SnowPeaShooter (1034) -> SnowGatlingPuff (908)
[16:27:07.875] [Debug_Mode] Found recipe: PeaPuff (1018) + SnowSplit (1107) -> SnowGatlingPuff (908)
[16:27:07.875] [Debug_Mode] Found recipe: SuperStar (1104) + MagnetCactus (1103) -> UltimateStar (909)
[16:27:07.875] [Debug_Mode] Found recipe: MagnetCactus (1103) + SuperStar (1104) -> UltimateStar (909)
[16:27:07.875] [Debug_Mode] Found recipe: IceGloom (1072) + SuperFume (1046) -> UltimateGloom (910)
[16:27:07.876] [Debug_Mode] Found recipe: SuperFume (1046) + IceGloom (1072) -> UltimateGloom (910)
[16:27:07.876] [Debug_Mode] Found recipe: SuperPumpkin (1110) + MagnetBlover (1102) -> UltimatePumpkin (911)
[16:27:07.876] [Debug_Mode] Found recipe: SuperMelon (1126) + GarlicMelon (1119) -> UltimateMelon (914)
[16:27:07.876] [Debug_Mode] Found recipe: GarlicMelon (1119) + SuperMelon (1126) -> UltimateMelon (914)
[16:27:07.876] [Debug_Mode] Found recipe: IceCannon (1123) + IceDoom (1040) -> UltimateCannon (915)
[16:27:07.876] [Debug_Mode] Found recipe: FireCannon (1122) + CherryJalapeno (1179) -> UltimateExplodeCannon (953)
[16:27:07.876] [Debug_Mode] Found recipe: SuperUmbrella (1148) + CabbageUmbrella (1128) -> EmeraldUmbrella (916)
[16:27:07.877] [Debug_Mode] Found recipe: CabbageUmbrella (1128) + SuperUmbrella (1148) -> EmeraldUmbrella (916)
[16:27:07.877] [Debug_Mode] Found recipe: SuperHypno (1026) + HypnoMagnet (1157) -> UltimateHypno (924)
[16:27:07.877] [Debug_Mode] Found recipe: HypnoMagnet (1157) + SuperHypno (1026) -> UltimateHypno (924)
[16:27:07.877] [Debug_Mode] Found recipe: WallNut (3) + TallNut (1027) -> TallNut (1027)
[16:27:07.877] [Debug_Mode] Found recipe: Caltrop (17) + SpikeRock (1060) -> SpikeRock (1060)
[16:27:07.877] [Debug_Mode] Found recipe: FumeShroom (7) + GloomShroom (1070) -> GloomShroom (1070)
[16:27:07.877] [Debug_Mode] Found recipe: LilyPad (12) + CattailPlant (1067) -> CattailPlant (1067)
[16:27:07.877] [Debug_Mode] Found recipe: Cornpult (28) + CobCannon (1120) -> CobCannon (1120)
[16:27:07.877] [Debug_Mode] Found recipe: SpruceShooter (36) + SpruceBallista (1247) -> SpruceBallista (1247)
[16:27:07.878] [Debug_Mode] Found recipe: Magnetshroom (25) + FumeShroom (7) -> MagnetFume (1158)
[16:27:07.878] [Debug_Mode] Found recipe: FumeShroom (7) + Magnetshroom (25) -> MagnetFume (1158)
[16:27:07.878] [Debug_Mode] Found recipe: SeaShroom (19) + WallNut (3) -> SeaNut (1293)
[16:27:07.878] [Debug_Mode] Found recipe: SeaShroom (19) + Cactus (21) -> SeaCactus (1076)
[16:27:07.878] [Debug_Mode] Found recipe: SeaShroom (19) + SunFlower (1) -> SeaSunShroom (1077)
[16:27:07.878] [Debug_Mode] Found recipe: SeaShroom (19) + Plantern (20) -> SeaLantern (1078)
[16:27:07.878] [Debug_Mode] Found recipe: SeaShroom (19) + StarFruit (23) -> SeaStarfruit (1083)
[16:27:07.878] [Debug_Mode] Found recipe: SeaShroom (19) + Blover (22) -> SeaBlover (1086)
[16:27:07.878] [Debug_Mode] Found recipe: SeaShroom (19) + Magnetshroom (25) -> SeaMagnet (1101)
[16:27:07.878] [Debug_Mode] Found recipe: Plantern (20) + Cactus (21) -> LanternCactus (1079)
[16:27:07.879] [Debug_Mode] Found recipe: Cactus (21) + Plantern (20) -> LanternCactus (1079)
[16:27:07.879] [Debug_Mode] Found recipe: Plantern (20) + Blover (22) -> LanternBlover (1080)
[16:27:07.879] [Debug_Mode] Found recipe: Blover (22) + Plantern (20) -> LanternBlover (1080)
[16:27:07.879] [Debug_Mode] Found recipe: Plantern (20) + StarFruit (23) -> LanternStar (1081)
[16:27:07.879] [Debug_Mode] Found recipe: StarFruit (23) + Plantern (20) -> LanternStar (1081)
[16:27:07.879] [Debug_Mode] Found recipe: Cactus (21) + Blover (22) -> CactusBlover (1082)
[16:27:07.879] [Debug_Mode] Found recipe: Blover (22) + Cactus (21) -> CactusBlover (1082)
[16:27:07.879] [Debug_Mode] Found recipe: StarFruit (23) + Blover (22) -> StarBlover (1084)
[16:27:07.879] [Debug_Mode] Found recipe: Blover (22) + StarFruit (23) -> StarBlover (1084)
[16:27:07.879] [Debug_Mode] Found recipe: StarFruit (23) + Cactus (21) -> CacstusStar (1085)
[16:27:07.879] [Debug_Mode] Found recipe: Cactus (21) + StarFruit (23) -> CacstusStar (1085)
[16:27:07.879] [Debug_Mode] Found recipe: StarFruit (23) + Magnetshroom (25) -> MagnetStar (1093)
[16:27:07.880] [Debug_Mode] Found recipe: Magnetshroom (25) + StarFruit (23) -> MagnetStar (1093)
[16:27:07.880] [Debug_Mode] Found recipe: SunFlower (1) + Magnetshroom (25) -> SunMagnet (1154)
[16:27:07.880] [Debug_Mode] Found recipe: Magnetshroom (25) + SunFlower (1) -> SunMagnet (1154)
[16:27:07.880] [Debug_Mode] Found recipe: Plantern (20) + Magnetshroom (25) -> LanternMagnet (1100)
[16:27:07.880] [Debug_Mode] Found recipe: Magnetshroom (25) + Plantern (20) -> LanternMagnet (1100)
[16:27:07.880] [Debug_Mode] Found recipe: Blover (22) + Magnetshroom (25) -> MagnetBlover (1102)
[16:27:07.880] [Debug_Mode] Found recipe: Magnetshroom (25) + Blover (22) -> MagnetBlover (1102)
[16:27:07.880] [Debug_Mode] Found recipe: Cactus (21) + Magnetshroom (25) -> MagnetCactus (1103)
[16:27:07.880] [Debug_Mode] Found recipe: Magnetshroom (25) + Cactus (21) -> MagnetCactus (1103)
[16:27:07.880] [Debug_Mode] Found recipe: HypnoShroom (8) + Magnetshroom (25) -> HypnoMagnet (1157)
[16:27:07.880] [Debug_Mode] Found recipe: Magnetshroom (25) + HypnoShroom (8) -> HypnoMagnet (1157)
[16:27:07.880] [Debug_Mode] Found recipe: LanternStar (1081) + Magnetshroom (25) -> SuperStar (1104)
[16:27:07.881] [Debug_Mode] Found recipe: Magnetshroom (25) + LanternStar (1081) -> SuperStar (1104)
[16:27:07.881] [Debug_Mode] Found recipe: MagnetStar (1093) + Plantern (20) -> SuperStar (1104)
[16:27:07.881] [Debug_Mode] Found recipe: Plantern (20) + MagnetStar (1093) -> SuperStar (1104)
[16:27:07.881] [Debug_Mode] Found recipe: LanternMagnet (1100) + StarFruit (23) -> SuperStar (1104)
[16:27:07.881] [Debug_Mode] Found recipe: StarFruit (23) + LanternMagnet (1100) -> SuperStar (1104)
[16:27:07.881] [Debug_Mode] Found recipe: Pumpkin (24) + TorchWood (18) -> TorchPumpkin (1288)
[16:27:07.881] [Debug_Mode] Found recipe: Pumpkin (24) + CherryBomb (2) -> CherryPumpkin (1164)
[16:27:07.881] [Debug_Mode] Found recipe: Pumpkin (24) + Plantern (20) -> LanternPumpkin (1087)
[16:27:07.881] [Debug_Mode] Found recipe: Pumpkin (24) + Cactus (21) -> CactusPumpkin (1088)
[16:27:07.881] [Debug_Mode] Found recipe: Pumpkin (24) + StarFruit (23) -> StarPumpkin (1089)
[16:27:07.881] [Debug_Mode] Found recipe: Pumpkin (24) + Blover (22) -> BlowerPumpkin (1091)
[16:27:07.881] [Debug_Mode] Found recipe: Pumpkin (24) + Magnetshroom (25) -> MagnetPumpkin (1092)
[16:27:07.882] [Debug_Mode] Found recipe: Pumpkin (24) + Squash (13) -> SquashPumpkin (1202)
[16:27:07.882] [Debug_Mode] Found recipe: Pumpkin (24) + HypnoShroom (8) -> HypnoPumpkin (1205)
[16:27:07.882] [Debug_Mode] Found recipe: Pumpkin (24) + WallNut (3) -> NutPumpkin (1299)
[16:27:07.882] [Debug_Mode] Found recipe: Pumpkin (24) + Peashooter (0) -> PeaPumpkin (1318)
[16:27:07.882] [Debug_Mode] Found recipe: Pumpkin (24) + ScaredyShroom (9) -> ScaredyPumpkin (1200)
[16:27:07.882] [Debug_Mode] Found recipe: Pumpkin (24) + PotatoMine (4) -> PotatoPumpkin (1190)
[16:27:07.882] [Debug_Mode] Found recipe: CactusPumpkin (1088) + Blover (22) -> SuperPumpkin (1110)
[16:27:07.882] [Debug_Mode] Found recipe: BlowerPumpkin (1091) + Cactus (21) -> SuperPumpkin (1110)
[16:27:07.882] [Debug_Mode] Found recipe: SunFlower (1) + Cabbagepult (26) -> SunCabbage (1111)
[16:27:07.882] [Debug_Mode] Found recipe: Cabbagepult (26) + SunFlower (1) -> SunCabbage (1111)
[16:27:07.882] [Debug_Mode] Found recipe: Cabbagepult (26) + Cornpult (28) -> CornCabbage (1113)
[16:27:07.882] [Debug_Mode] Found recipe: Cornpult (28) + Cabbagepult (26) -> CornCabbage (1113)
[16:27:07.882] [Debug_Mode] Found recipe: Pot (27) + ScaredyShroom (9) -> ScaredyPot (1357)
[16:27:07.883] [Debug_Mode] Found recipe: Pot (27) + WallNut (3) -> NutPot (1311)
[16:27:07.883] [Debug_Mode] Found recipe: Pot (27) + Cabbagepult (26) -> CabbagePot (1112)
[16:27:07.883] [Debug_Mode] Found recipe: Pot (27) + Cornpult (28) -> CornPot (1114)
[16:27:07.883] [Debug_Mode] Found recipe: Pot (27) + Umbrellaleaf (30) -> UmbrellaPot (1133)
[16:27:07.883] [Debug_Mode] Found recipe: Pot (27) + Garlic (29) -> GarlicPot (1130)
[16:27:07.883] [Debug_Mode] Found recipe: Pot (27) + Marigold (31) -> SilverPot (1136)
[16:27:07.883] [Debug_Mode] Found recipe: Pot (27) + Melonpult (32) -> MelonPot (1125)
[16:27:07.883] [Debug_Mode] Found recipe: Pot (27) + SunFlower (1) -> SunPot (1184)
[16:27:07.883] [Debug_Mode] Found recipe: Pot (27) + Plantern (20) -> LanternPot (1195)
[16:27:07.883] [Debug_Mode] Found recipe: Pot (27) + IceShroom (10) -> IcePot (1287)
[16:27:07.883] [Debug_Mode] Found recipe: Umbrellaleaf (30) + Cabbagepult (26) -> CabbageUmbrella (1128)
[16:27:07.883] [Debug_Mode] Found recipe: Cabbagepult (26) + Umbrellaleaf (30) -> CabbageUmbrella (1128)
[16:27:07.883] [Debug_Mode] Found recipe: Umbrellaleaf (30) + Cornpult (28) -> CornUmbrella (1115)
[16:27:07.883] [Debug_Mode] Found recipe: Cornpult (28) + Umbrellaleaf (30) -> CornUmbrella (1115)
[16:27:07.884] [Debug_Mode] Found recipe: Umbrellaleaf (30) + Garlic (29) -> GarlicUmbrella (1127)
[16:27:07.884] [Debug_Mode] Found recipe: Garlic (29) + Umbrellaleaf (30) -> GarlicUmbrella (1127)
[16:27:07.884] [Debug_Mode] Found recipe: Umbrellaleaf (30) + Melonpult (32) -> MelonUmbrella (1131)
[16:27:07.884] [Debug_Mode] Found recipe: Melonpult (32) + Umbrellaleaf (30) -> MelonUmbrella (1131)
[16:27:07.884] [Debug_Mode] Found recipe: Melonpult (32) + IceShroom (10) -> WinterMelon (1116)
[16:27:07.884] [Debug_Mode] Found recipe: IceShroom (10) + Melonpult (32) -> WinterMelon (1116)
[16:27:07.884] [Debug_Mode] Found recipe: Melonpult (32) + Jalapeno (16) -> FireMelon (1149)
[16:27:07.884] [Debug_Mode] Found recipe: Jalapeno (16) + Melonpult (32) -> FireMelon (1149)
[16:27:07.887] [Debug_Mode] Found recipe: Cornpult (28) + Garlic (29) -> GarlicCorn (1117)
[16:27:07.887] [Debug_Mode] Found recipe: Garlic (29) + Cornpult (28) -> GarlicCorn (1117)
[16:27:07.887] [Debug_Mode] Found recipe: Cabbagepult (26) + Garlic (29) -> GarlicCabbage (1118)
[16:27:07.887] [Debug_Mode] Found recipe: Garlic (29) + Cabbagepult (26) -> GarlicCabbage (1118)
[16:27:07.887] [Debug_Mode] Found recipe: Melonpult (32) + Garlic (29) -> GarlicMelon (1119)
[16:27:07.887] [Debug_Mode] Found recipe: Garlic (29) + Melonpult (32) -> GarlicMelon (1119)
[16:27:07.887] [Debug_Mode] Found recipe: Melonpult (32) + Cornpult (28) -> CornMelon (1121)
[16:27:07.888] [Debug_Mode] Found recipe: Cornpult (28) + Melonpult (32) -> CornMelon (1121)
[16:27:07.888] [Debug_Mode] Found recipe: CobCannon (1120) + IceShroom (10) -> IceCannon (1123)
[16:27:07.888] [Debug_Mode] Found recipe: CobCannon (1120) + Jalapeno (16) -> FireCannon (1122)
[16:27:07.888] [Debug_Mode] Found recipe: Melonpult (32) + Cabbagepult (26) -> CabbageMelon (1124)
[16:27:07.888] [Debug_Mode] Found recipe: Cabbagepult (26) + Melonpult (32) -> CabbageMelon (1124)
[16:27:07.888] [Debug_Mode] Found recipe: Cabbagepult (26) + CornMelon (1121) -> SuperMelon (1126)
[16:27:07.888] [Debug_Mode] Found recipe: CornMelon (1121) + Cabbagepult (26) -> SuperMelon (1126)
[16:27:07.888] [Debug_Mode] Found recipe: Cornpult (28) + CabbageMelon (1124) -> SuperMelon (1126)
[16:27:07.888] [Debug_Mode] Found recipe: CabbageMelon (1124) + Cornpult (28) -> SuperMelon (1126)
[16:27:07.888] [Debug_Mode] Found recipe: Melonpult (32) + CornCabbage (1113) -> SuperMelon (1126)
[16:27:07.888] [Debug_Mode] Found recipe: CornCabbage (1113) + Melonpult (32) -> SuperMelon (1126)
[16:27:07.888] [Debug_Mode] Found recipe: Cabbagepult (26) + Marigold (31) -> SilverCabbage (1134)
[16:27:07.888] [Debug_Mode] Found recipe: Marigold (31) + Cabbagepult (26) -> SilverCabbage (1134)
[16:27:07.889] [Debug_Mode] Found recipe: Cornpult (28) + Marigold (31) -> SilverCorn (1138)
[16:27:07.889] [Debug_Mode] Found recipe: Marigold (31) + Cornpult (28) -> SilverCorn (1138)
[16:27:07.889] [Debug_Mode] Found recipe: Umbrellaleaf (30) + Marigold (31) -> SilverUmbrella (1143)
[16:27:07.889] [Debug_Mode] Found recipe: Marigold (31) + Umbrellaleaf (30) -> SilverUmbrella (1143)
[16:27:07.889] [Debug_Mode] Found recipe: Garlic (29) + Marigold (31) -> SilverGarlic (1145)
[16:27:07.889] [Debug_Mode] Found recipe: Marigold (31) + Garlic (29) -> SilverGarlic (1145)
[16:27:07.889] [Debug_Mode] Found recipe: HypnoShroom (8) + Marigold (31) -> SilverHypnoShroom (1449)
[16:27:07.889] [Debug_Mode] Found recipe: Marigold (31) + HypnoShroom (8) -> SilverHypnoShroom (1449)
[16:27:07.889] [Debug_Mode] Found recipe: Melonpult (32) + Marigold (31) -> SilverMelon (1141)
[16:27:07.889] [Debug_Mode] Found recipe: Marigold (31) + Melonpult (32) -> SilverMelon (1141)
[16:27:07.889] [Debug_Mode] Found recipe: Marigold (31) + Marigold (31) -> TwinMarigold (1140)
[16:27:07.889] [Debug_Mode] Found recipe: GoldUmbrella (1144) + Garlic (29) -> SuperUmbrella (1148)
[16:27:07.890] [Debug_Mode] Found recipe: Garlic (29) + GoldUmbrella (1144) -> SuperUmbrella (1148)
[16:27:07.890] [Debug_Mode] Found recipe: GoldGarlic (1146) + Umbrellaleaf (30) -> SuperUmbrella (1148)
[16:27:07.890] [Debug_Mode] Found recipe: Umbrellaleaf (30) + GoldGarlic (1146) -> SuperUmbrella (1148)
[16:27:07.890] [Debug_Mode] Found recipe: Marigold (31) + Magnetshroom (25) -> GoldMagnet (1150)
[16:27:07.890] [Debug_Mode] Found recipe: Magnetshroom (25) + Marigold (31) -> GoldMagnet (1150)
[16:27:07.890] [Debug_Mode] Found recipe: CherryBomb (2) + Magnetshroom (25) -> CherryMagnet (1166)
[16:27:07.890] [Debug_Mode] Found recipe: Magnetshroom (25) + CherryBomb (2) -> CherryMagnet (1166)
[16:27:07.890] [Debug_Mode] Found recipe: SmallPuff (6) + Peashooter (0) -> PeaPuff (1018)
[16:27:07.890] [Debug_Mode] Found recipe: SmallPuff (6) + DoubleShooter (1030) -> DoublePuff (1019)
[16:27:07.890] [Debug_Mode] Found recipe: SmallPuff (6) + SplitPea (1090) -> SplitPuff (1153)
[16:27:07.890] [Debug_Mode] Found recipe: SmallPuff (6) + GatlingPea (1032) -> GatlingPuff (1065)
[16:27:07.891] [Debug_Mode] Found recipe: PeaPuff (1018) + Peashooter (0) -> DoublePuff (1019)
[16:27:07.891] [Debug_Mode] Found recipe: PeaPuff (1018) + DoubleShooter (1030) -> SplitPuff (1153)
[16:27:07.891] [Debug_Mode] Found recipe: PeaPuff (1018) + SplitPea (1090) -> GatlingPuff (1065)
[16:27:07.891] [Debug_Mode] Found recipe: DoublePuff (1019) + Peashooter (0) -> SplitPuff (1153)
[16:27:07.891] [Debug_Mode] Found recipe: DoublePuff (1019) + DoubleShooter (1030) -> GatlingPuff (1065)
[16:27:07.891] [Debug_Mode] Found recipe: SplitPuff (1153) + Peashooter (0) -> GatlingPuff (1065)
[16:27:07.891] [Debug_Mode] Found recipe: SmallPuff (6) + SnowPeaShooter (1034) -> IcePuff (1035)
[16:27:07.891] [Debug_Mode] Found recipe: PeaPuff (1018) + IceShroom (10) -> IcePuff (1035)
[16:27:07.891] [Debug_Mode] Found recipe: SmallIceShroom (1036) + Peashooter (0) -> IcePuff (1035)
[16:27:07.891] [Debug_Mode] Found recipe: SmallPuff (6) + SunFlower (1) -> SunShroom (1031)
[16:27:07.892] [Debug_Mode] Found recipe: SmallPuff (6) + IronPea (1020) -> IronPuff (1152)
[16:27:07.892] [Debug_Mode] Found recipe: SmallPuff (6) + WallNut (3) -> PuffNut (1021)
[16:27:07.892] [Debug_Mode] Found recipe: SmallPuff (6) + HypnoShroom (8) -> HypnoPuff (1022)
[16:27:07.892] [Debug_Mode] Found recipe: SmallPuff (6) + IceShroom (10) -> SmallIceShroom (1036)
[16:27:07.892] [Debug_Mode] Found recipe: SmallPuff (6) + DoomShroom (11) -> PuffDoom (1044)
[16:27:07.892] [Debug_Mode] Found recipe: SmallPuff (6) + PotatoMine (4) -> PotatoPuff (1170)
[16:27:07.892] [Debug_Mode] Found recipe: SmallPuff (6) + Cabbagepult (26) -> CabbagePuff (1281)
[16:27:07.892] [Debug_Mode] Found recipe: SmallPuff (6) + Cornpult (28) -> CornPuff (1203)
[16:27:07.892] [Debug_Mode] Found recipe: SmallPuff (6) + Melonpult (32) -> MelonPuff (1280)
[16:27:07.892] [Debug_Mode] Found recipe: SmallPuff (6) + Umbrellaleaf (30) -> SmallUmbrella (1301)
[16:27:07.893] [Debug_Mode] Found recipe: SmallPuff (6) + StarFruit (23) -> StarPuff (1183)
[16:27:07.893] [Debug_Mode] Found recipe: SmallPuff (6) + FumeShroom (7) -> SpreadFume (1396)
[16:27:07.893] [Debug_Mode] Found recipe: SmallPuff (6) + ScaredyShroom (9) -> SpreadScaredyShroom (1397)
[16:27:07.893] [Debug_Mode] Found recipe: StarFruit (23) + Garlic (29) -> GarlicStar (1461)
[16:27:07.893] [Debug_Mode] Found recipe: Garlic (29) + StarFruit (23) -> GarlicStar (1461)
[16:27:07.893] [Debug_Mode] Found recipe: FumeShroom (7) + Chomper (5) -> FumeChomper (1458)
[16:27:07.893] [Debug_Mode] Found recipe: Chomper (5) + FumeShroom (7) -> FumeChomper (1458)
[16:27:07.893] [Debug_Mode] Found recipe: IceShroom (10) + StarFruit (23) -> IceStar (1457)
[16:27:07.893] [Debug_Mode] Found recipe: StarFruit (23) + IceShroom (10) -> IceStar (1457)
[16:27:07.893] [Debug_Mode] Found recipe: DoomShroom (11) + Umbrellaleaf (30) -> DoomUmbrella (1455)
[16:27:07.893] [Debug_Mode] Found recipe: Umbrellaleaf (30) + DoomShroom (11) -> DoomUmbrella (1455)
[16:27:07.893] [Debug_Mode] Found recipe: FumeShroom (7) + Umbrellaleaf (30) -> UmbrellaFume (1453)
[16:27:07.893] [Debug_Mode] Found recipe: Umbrellaleaf (30) + FumeShroom (7) -> UmbrellaFume (1453)
[16:27:07.894] [Debug_Mode] Found recipe: Chomper (5) + ScaredyShroom (9) -> ChomperScaredy (1452)
[16:27:07.894] [Debug_Mode] Found recipe: ScaredyShroom (9) + Chomper (5) -> ChomperScaredy (1452)
[16:27:07.894] [Debug_Mode] Found recipe: FumeShroom (7) + Marigold (31) -> BigCoinShroom (1447)
[16:27:07.894] [Debug_Mode] Found recipe: Marigold (31) + FumeShroom (7) -> BigCoinShroom (1447)
[16:27:07.894] [Debug_Mode] Found recipe: StarFruit (23) + Squash (13) -> StarSquash (1441)
[16:27:07.894] [Debug_Mode] Found recipe: Squash (13) + StarFruit (23) -> StarSquash (1441)
[16:27:07.894] [Debug_Mode] Found recipe: ThreePeater (14) + DoomShroom (11) -> DoomThreePeater (1440)
[16:27:07.894] [Debug_Mode] Found recipe: DoomShroom (11) + ThreePeater (14) -> DoomThreePeater (1440)
[16:27:07.894] [Debug_Mode] Found recipe: ThreePeater (14) + Cabbagepult (26) -> ThreeCabbage (1439)
[16:27:07.894] [Debug_Mode] Found recipe: Cabbagepult (26) + ThreePeater (14) -> ThreeCabbage (1439)
[16:27:07.895] [Debug_Mode] Found recipe: Caltrop (17) + FumeShroom (7) -> CaltropFume (1438)
[16:27:07.895] [Debug_Mode] Found recipe: FumeShroom (7) + Caltrop (17) -> CaltropFume (1438)
[16:27:07.895] [Debug_Mode] Found recipe: ThreePeater (14) + Cornpult (28) -> ThreeCorn (1434)
[16:27:07.895] [Debug_Mode] Found recipe: Cornpult (28) + ThreePeater (14) -> ThreeCorn (1434)
[16:27:07.895] [Debug_Mode] Found recipe: ThreePeater (14) + Melonpult (32) -> ThreeMelon (1433)
[16:27:07.895] [Debug_Mode] Found recipe: Melonpult (32) + ThreePeater (14) -> ThreeMelon (1433)
[16:27:07.895] [Debug_Mode] Found recipe: FumeShroom (7) + CherryBomb (2) -> CherryFume (1428)
[16:27:07.895] [Debug_Mode] Found recipe: CherryBomb (2) + FumeShroom (7) -> CherryFume (1428)
[16:27:07.895] [Debug_Mode] Found recipe: Cactus (21) + IceShroom (10) -> IceCactus (1427)
[16:27:07.895] [Debug_Mode] Found recipe: IceShroom (10) + Cactus (21) -> IceCactus (1427)
[16:27:07.895] [Debug_Mode] Found recipe: PotatoMine (4) + Blover (22) -> BloverMine (1426)
[16:27:07.895] [Debug_Mode] Found recipe: Blover (22) + PotatoMine (4) -> BloverMine (1426)
[16:27:07.895] [Debug_Mode] Found recipe: Peashooter (0) + ScaredyShroom (9) -> PeaScaredy (1425)
[16:27:07.895] [Debug_Mode] Found recipe: ScaredyShroom (9) + Peashooter (0) -> PeaScaredy (1425)
[16:27:07.895] [Debug_Mode] Found recipe: PotatoMine (4) + TorchWood (18) -> TorchMine (1421)
[16:27:07.896] [Debug_Mode] Found recipe: TorchWood (18) + PotatoMine (4) -> TorchMine (1421)
[16:27:07.896] [Debug_Mode] Found recipe: Blover (22) + Blover (22) -> HurricaneBlover (1420)
[16:27:07.896] [Debug_Mode] Found recipe: Caltrop (17) + SunFlower (1) -> SunCaltrop (1419)
[16:27:07.896] [Debug_Mode] Found recipe: SunFlower (1) + Caltrop (17) -> SunCaltrop (1419)
[16:27:07.896] [Debug_Mode] Found recipe: Caltrop (17) + Cabbagepult (26) -> CabbageCaltrop (1417)
[16:27:07.896] [Debug_Mode] Found recipe: Cabbagepult (26) + Caltrop (17) -> CabbageCaltrop (1417)
[16:27:07.897] [Debug_Mode] Found recipe: Caltrop (17) + Melonpult (32) -> MelonCaltrop (1418)
[16:27:07.897] [Debug_Mode] Found recipe: Melonpult (32) + Caltrop (17) -> MelonCaltrop (1418)
[16:27:07.897] [Debug_Mode] Found recipe: Thorns (40) + Shulkflower (33) -> ThornsShulk (1416)
[16:27:07.897] [Debug_Mode] Found recipe: Shulkflower (33) + Thorns (40) -> ThornsShulk (1416)
[16:27:07.897] [Debug_Mode] Found recipe: Cactus (21) + Caltrop (17) -> CactusCaltrop (1415)
[16:27:07.897] [Debug_Mode] Found recipe: Caltrop (17) + Cactus (21) -> CactusCaltrop (1415)
[16:27:07.897] [Debug_Mode] Found recipe: StarFruit (23) + Peashooter (0) -> StarPea (1412)
[16:27:07.897] [Debug_Mode] Found recipe: Peashooter (0) + StarFruit (23) -> StarPea (1412)
[16:27:07.897] [Debug_Mode] Found recipe: DoomShroom (11) + Cornpult (28) -> DoomCorn (1411)
[16:27:07.897] [Debug_Mode] Found recipe: Cornpult (28) + DoomShroom (11) -> DoomCorn (1411)
[16:27:07.897] [Debug_Mode] Found recipe: Thorns (40) + WaterAloes (38) -> ThronsAloes (1409)
[16:27:07.898] [Debug_Mode] Found recipe: WaterAloes (38) + Thorns (40) -> ThronsAloes (1409)
[16:27:07.898] [Debug_Mode] Found recipe: Melonpult (32) + DoomShroom (11) -> DoomMelon (1408)
[16:27:07.898] [Debug_Mode] Found recipe: DoomShroom (11) + Melonpult (32) -> DoomMelon (1408)
[16:27:07.898] [Debug_Mode] Found recipe: SpruceShooter (36) + Thorns (40) -> ThornsSpruce (1406)
[16:27:07.898] [Debug_Mode] Found recipe: Thorns (40) + SpruceShooter (36) -> ThornsSpruce (1406)
[16:27:07.898] [Debug_Mode] Found recipe: IceLotus (37) + Thorns (40) -> ThornsLotus (1403)
[16:27:07.898] [Debug_Mode] Found recipe: Thorns (40) + IceLotus (37) -> ThornsLotus (1403)
[16:27:07.898] [Debug_Mode] Found recipe: Bamboo (39) + Thorns (40) -> ThornsBamboo (1402)
[16:27:07.898] [Debug_Mode] Found recipe: Thorns (40) + Bamboo (39) -> ThornsBamboo (1402)
[16:27:07.898] [Debug_Mode] Found recipe: Cornpult (28) + Jalapeno (16) -> JalaCorn (1400)
[16:27:07.899] [Debug_Mode] Found recipe: Jalapeno (16) + Cornpult (28) -> JalaCorn (1400)
[16:27:07.899] [Debug_Mode] Found recipe: DoomShroom (11) + Cabbagepult (26) -> DoomCabbage (1399)
[16:27:07.899] [Debug_Mode] Found recipe: Cabbagepult (26) + DoomShroom (11) -> DoomCabbage (1399)
[16:27:07.899] [Debug_Mode] Found recipe: Jalapeno (16) + Cabbagepult (26) -> FireCabbage (1398)
[16:27:07.899] [Debug_Mode] Found recipe: Cabbagepult (26) + Jalapeno (16) -> FireCabbage (1398)
[16:27:07.899] [Debug_Mode] Found recipe: TorchWood (18) + HypnoShroom (8) -> HypnoTorch (1394)
[16:27:07.899] [Debug_Mode] Found recipe: HypnoShroom (8) + TorchWood (18) -> HypnoTorch (1394)
[16:27:07.899] [Debug_Mode] Found recipe: FumeShroom (7) + Cactus (21) -> CactusFume (1393)
[16:27:07.899] [Debug_Mode] Found recipe: Cactus (21) + FumeShroom (7) -> CactusFume (1393)
[16:27:07.899] [Debug_Mode] Found recipe: Garlic (29) + TorchWood (18) -> GarlicTorch (1391)
[16:27:07.900] [Debug_Mode] Found recipe: TorchWood (18) + Garlic (29) -> GarlicTorch (1391)
[16:27:07.900] [Debug_Mode] Found recipe: Squash (13) + Chomper (5) -> ChomperSquash (1390)
[16:27:07.900] [Debug_Mode] Found recipe: Chomper (5) + Squash (13) -> ChomperSquash (1390)
[16:27:07.902] [Debug_Mode] Found recipe: FumeShroom (7) + TorchWood (18) -> TorchFume (1389)
[16:27:07.902] [Debug_Mode] Found recipe: TorchWood (18) + FumeShroom (7) -> TorchFume (1389)
[16:27:07.902] [Debug_Mode] Found recipe: Cabbagepult (26) + Squash (13) -> CabbageSquash (1378)
[16:27:07.902] [Debug_Mode] Found recipe: Squash (13) + Cabbagepult (26) -> CabbageSquash (1378)
[16:27:07.903] [Debug_Mode] Found recipe: Tanglekelp (15) + SmallPuff (6) -> KelpPuff (1377)
[16:27:07.903] [Debug_Mode] Found recipe: IceShroom (10) + Cornpult (28) -> IceCorn (1376)
[16:27:07.903] [Debug_Mode] Found recipe: Cornpult (28) + IceShroom (10) -> IceCorn (1376)
[16:27:07.903] [Debug_Mode] Found recipe: IceShroom (10) + Cabbagepult (26) -> IceCabbage (1375)
[16:27:07.903] [Debug_Mode] Found recipe: Cabbagepult (26) + IceShroom (10) -> IceCabbage (1375)
[16:27:07.903] [Debug_Mode] Found recipe: IceShroom (10) + PotatoMine (4) -> IceMine (1401)
[16:27:07.903] [Debug_Mode] Found recipe: PotatoMine (4) + IceShroom (10) -> IceMine (1401)
[16:27:07.903] [Debug_Mode] Found recipe: Blover (22) + Squash (13) -> SquashBlover (1374)
[16:27:07.903] [Debug_Mode] Found recipe: Squash (13) + Blover (22) -> SquashBlover (1374)
[16:27:07.903] [Debug_Mode] Found recipe: Pot (27) + Caltrop (17) -> CaltropPot (1372)
[16:27:07.903] [Debug_Mode] Found recipe: Pot (27) + HypnoShroom (8) -> HypnoPot (1380)
[16:27:07.904] [Debug_Mode] Found recipe: Pot (27) + Blover (22) -> BloverPot (1437)
[16:27:07.904] [Debug_Mode] Found recipe: Pot (27) + Peashooter (0) -> PeaPot (1404)
[16:27:07.904] [Debug_Mode] Found recipe: Pot (27) + SniperPea (1109) -> SniperPot (1405)
[16:27:07.904] [Debug_Mode] Found recipe: Pot (27) + ThreePeater (14) -> ThreePot (1442)
[16:27:07.904] [Debug_Mode] Found recipe: Pot (27) + DoomShroom (11) -> DoomPot (1454)
[16:27:07.904] [Debug_Mode] Found recipe: Pot (27) + SeaShroom (19) -> SeaPot (1460)
[16:27:07.904] [Debug_Mode] Found recipe: Pumpkin (24) + IceShroom (10) -> IcePumpkin (1436)
[16:27:07.904] [Debug_Mode] Found recipe: Pumpkin (24) + ThreePeater (14) -> ThreePumpkin (1435)
[16:27:07.904] [Debug_Mode] Found recipe: Pumpkin (24) + Jalapeno (16) -> JalaPumpkin (1413)
[16:27:07.904] [Debug_Mode] Found recipe: Pumpkin (24) + SuperGatling (1168) -> SuperGatlingPumpkin (1407)
[16:27:07.904] [Debug_Mode] Found recipe: Pumpkin (24) + DoomShroom (11) -> DoomPumpkin (1371)
[16:27:07.905] [Debug_Mode] Found recipe: SmallPuff (6) + Squash (13) -> PuffSquash (1370)
[16:27:07.905] [Debug_Mode] Found recipe: SmallPuff (6) + Jalapeno (16) -> PuffJalapeno (1384)
[16:27:07.905] [Debug_Mode] Found recipe: SmallPuff (6) + Marigold (31) -> CoinShroom (1446)
[16:27:07.905] [Debug_Mode] Found recipe: SmallPuff (6) + CherryBomb (2) -> CherryPuff (1451)
[16:27:07.905] [Debug_Mode] Found recipe: SmallPuff (6) + Chomper (5) -> PuffChomper (1459)
[16:27:07.905] [Debug_Mode] Found recipe: FumeShroom (7) + Cabbagepult (26) -> CabbageFume (1369)
[16:27:07.905] [Debug_Mode] Found recipe: Cabbagepult (26) + FumeShroom (7) -> CabbageFume (1369)
[16:27:07.905] [Debug_Mode] Found recipe: IceShroom (10) + Marigold (31) -> SilverIceShroom (1367)
[16:27:07.905] [Debug_Mode] Found recipe: Marigold (31) + IceShroom (10) -> SilverIceShroom (1367)
[16:27:07.905] [Debug_Mode] Found recipe: HypnoShroom (8) + StarFruit (23) -> StarHypno (1365)
[16:27:07.905] [Debug_Mode] Found recipe: StarFruit (23) + HypnoShroom (8) -> StarHypno (1365)
[16:27:07.906] [Debug_Mode] Found recipe: Peashooter (0) + Squash (13) -> PeaSquash (1366)
[16:27:07.906] [Debug_Mode] Found recipe: Squash (13) + Peashooter (0) -> PeaSquash (1366)
[16:27:07.906] [Debug_Mode] Found recipe: PotatoMine (4) + DoomShroom (11) -> PotatoDoom (1364)
[16:27:07.906] [Debug_Mode] Found recipe: DoomShroom (11) + PotatoMine (4) -> PotatoDoom (1364)
[16:27:07.906] [Debug_Mode] Found recipe: Cornpult (28) + Squash (13) -> SquashCorn (1363)
[16:27:07.906] [Debug_Mode] Found recipe: Squash (13) + Cornpult (28) -> SquashCorn (1363)
[16:27:07.906] [Debug_Mode] Found recipe: FumeShroom (7) + PotatoMine (4) -> PotatoFume (1362)
[16:27:07.906] [Debug_Mode] Found recipe: PotatoMine (4) + FumeShroom (7) -> PotatoFume (1362)
[16:27:07.906] [Debug_Mode] Found recipe: Cabbagepult (26) + Blover (22) -> CabbageBlover (1359)
[16:27:07.906] [Debug_Mode] Found recipe: Blover (22) + Cabbagepult (26) -> CabbageBlover (1359)
[16:27:07.906] [Debug_Mode] Found recipe: Cornpult (28) + Blover (22) -> CornBlover (1360)
[16:27:07.906] [Debug_Mode] Found recipe: Blover (22) + Cornpult (28) -> CornBlover (1360)
[16:27:07.907] [Debug_Mode] Found recipe: Melonpult (32) + Blover (22) -> MelonBlover (1361)
[16:27:07.907] [Debug_Mode] Found recipe: Blover (22) + Melonpult (32) -> MelonBlover (1361)
[16:27:07.907] [Debug_Mode] Found recipe: FumeShroom (7) + Plantern (20) -> LanternFume (1358)
[16:27:07.907] [Debug_Mode] Found recipe: Plantern (20) + FumeShroom (7) -> LanternFume (1358)
[16:27:07.907] [Debug_Mode] Found recipe: FumeShroom (7) + StarFruit (23) -> StarFume (1356)
[16:27:07.907] [Debug_Mode] Found recipe: StarFruit (23) + FumeShroom (7) -> StarFume (1356)
[16:27:07.907] [Debug_Mode] Found recipe: Garlic (29) + DoomShroom (11) -> DoomGarlic (1355)
[16:27:07.907] [Debug_Mode] Found recipe: DoomShroom (11) + Garlic (29) -> DoomGarlic (1355)
[16:27:07.907] [Debug_Mode] Found recipe: PotatoMine (4) + Squash (13) -> PotatoSquashBody (1353)
[16:27:07.907] [Debug_Mode] Found recipe: Squash (13) + PotatoMine (4) -> PotatoSquashBody (1353)
[16:27:07.908] [Debug_Mode] Found recipe: SunFlower (1) + Squash (13) -> SunSquash (1351)
[16:27:07.908] [Debug_Mode] Found recipe: Squash (13) + SunFlower (1) -> SunSquash (1351)
[16:27:07.908] [Debug_Mode] Found recipe: SunFlower (1) + Blover (22) -> SunBlover (1348)
[16:27:07.908] [Debug_Mode] Found recipe: Blover (22) + SunFlower (1) -> SunBlover (1348)
[16:27:07.908] [Debug_Mode] Found recipe: Peashooter (0) + ThreePeater (14) -> AllPeater (1347)
[16:27:07.908] [Debug_Mode] Found recipe: ThreePeater (14) + Peashooter (0) -> AllPeater (1347)
[16:27:07.908] [Debug_Mode] Found recipe: FumeShroom (7) + Cornpult (28) -> CornFume (1346)
[16:27:07.908] [Debug_Mode] Found recipe: Cornpult (28) + FumeShroom (7) -> CornFume (1346)
[16:27:07.908] [Debug_Mode] Found recipe: Squash (13) + CherryBomb (2) -> CherrySquash (1344)
[16:27:07.908] [Debug_Mode] Found recipe: CherryBomb (2) + Squash (13) -> CherrySquash (1344)
[16:27:07.908] [Debug_Mode] Found recipe: Squash (13) + DoomShroom (11) -> DoomSquash (1345)
[16:27:07.908] [Debug_Mode] Found recipe: DoomShroom (11) + Squash (13) -> DoomSquash (1345)
[16:27:07.908] [Debug_Mode] Found recipe: Melonpult (32) + Squash (13) -> SquashMelon (1343)
[16:27:07.909] [Debug_Mode] Found recipe: Squash (13) + Melonpult (32) -> SquashMelon (1343)
[16:27:07.909] [Debug_Mode] Found recipe: DoomShroom (11) + Plantern (20) -> DoomPlantern (1341)
[16:27:07.909] [Debug_Mode] Found recipe: Plantern (20) + DoomShroom (11) -> DoomPlantern (1341)
[16:27:07.909] [Debug_Mode] Found recipe: SeaShroom (19) + PotatoMine (4) -> SeaMine_water (1340)
[16:27:07.909] [Debug_Mode] Found recipe: PotatoMine (4) + SeaShroom (19) -> SeaMine_land (1339)
[16:27:07.910] [Debug_Mode] Found recipe: IceShroom (10) + Plantern (20) -> IcePlantern (1338)
[16:27:07.911] [Debug_Mode] Found recipe: Plantern (20) + IceShroom (10) -> IcePlantern (1338)
[16:27:07.911] [Debug_Mode] Found recipe: Caltrop (17) + Cornpult (28) -> CornCaltrop (1337)
[16:27:07.911] [Debug_Mode] Found recipe: Cornpult (28) + Caltrop (17) -> CornCaltrop (1337)
[16:27:07.911] [Debug_Mode] Found recipe: HypnoShroom (8) + Chomper (5) -> HypnoChomper (1335)
[16:27:07.912] [Debug_Mode] Found recipe: Chomper (5) + HypnoShroom (8) -> HypnoChomper (1335)
[16:27:07.912] [Debug_Mode] Found recipe: HypnoShroom (8) + Jalapeno (16) -> HypnoJalapeno (1336)
[16:27:07.912] [Debug_Mode] Found recipe: Jalapeno (16) + HypnoShroom (8) -> HypnoJalapeno (1336)
[16:27:07.912] [Debug_Mode] Found recipe: CherryBomb (2) + HypnoShroom (8) -> CherryHypno (1333)
[16:27:07.913] [Debug_Mode] Found recipe: HypnoShroom (8) + CherryBomb (2) -> CherryHypno (1333)
[16:27:07.913] [Debug_Mode] Found recipe: CherryBomb (2) + DoomShroom (11) -> DoomCherry (1332)
[16:27:07.913] [Debug_Mode] Found recipe: DoomShroom (11) + CherryBomb (2) -> DoomCherry (1332)
[16:27:07.913] [Debug_Mode] Found recipe: SuperGatling (1168) + CherryBomb (2) -> SuperCherryGatling (1331)
[16:27:07.913] [Debug_Mode] Found recipe: CherryBomb (2) + SuperGatling (1168) -> SuperCherryGatling (1331)
[16:27:07.914] [Debug_Mode] Found recipe: SuperGatling (1168) + PotatoMine (4) -> SuperGatlingPeaMine (1432)
[16:27:07.914] [Debug_Mode] Found recipe: PotatoMine (4) + SuperGatling (1168) -> SuperGatlingPeaMine (1432)
[16:27:07.914] [Debug_Mode] Found recipe: SuperGatling (1168) + FumeShroom (7) -> SuperGatlingFume (1445)
[16:27:07.914] [Debug_Mode] Found recipe: FumeShroom (7) + SuperGatling (1168) -> SuperGatlingFume (1445)
[16:27:07.914] [Debug_Mode] Found recipe: ThreePeater (14) + CherryBomb (2) -> CherryThreePeater (1330)
[16:27:07.914] [Debug_Mode] Found recipe: CherryBomb (2) + ThreePeater (14) -> CherryThreePeater (1330)
[16:27:07.915] [Debug_Mode] Found recipe: ThreePeater (14) + Garlic (29) -> GarlicThreePeater (1328)
[16:27:07.915] [Debug_Mode] Found recipe: Garlic (29) + ThreePeater (14) -> GarlicThreePeater (1328)
[16:27:07.915] [Debug_Mode] Found recipe: ThreePeater (14) + Plantern (20) -> ThreePlantern (1379)
[16:27:07.919] [Debug_Mode] Found recipe: Plantern (20) + ThreePeater (14) -> ThreePlantern (1379)
[16:27:07.920] [Debug_Mode] Found recipe: SunFlower (1) + HypnoShroom (8) -> SunHypno (1326)
[16:27:07.921] [Debug_Mode] Found recipe: HypnoShroom (8) + SunFlower (1) -> SunHypno (1326)
[16:27:07.921] [Debug_Mode] Found recipe: SunFlower (1) + IceShroom (10) -> SunIceShroom (1325)
[16:27:07.921] [Debug_Mode] Found recipe: IceShroom (10) + SunFlower (1) -> SunIceShroom (1325)
[16:27:07.922] [Debug_Mode] Found recipe: Pumpkin (24) + Melonpult (32) -> MelonPumpkin (1352)
[16:27:07.922] [Debug_Mode] Found recipe: Pumpkin (24) + FumeShroom (7) -> FumePumpkin (1350)
[16:27:07.923] [Debug_Mode] Found recipe: Pumpkin (24) + SmallPuff (6) -> PuffPumpkin (1349)
[16:27:07.924] [Debug_Mode] Found recipe: Pumpkin (24) + SeaShroom (19) -> SeaPumpkin (1334)
[16:27:07.925] [Debug_Mode] Found recipe: Pumpkin (24) + Chomper (5) -> ChomperPumpkin (1327)
[16:27:07.925] [Debug_Mode] Found recipe: Pumpkin (24) + Garlic (29) -> GarlicPumpkin (1323)
[16:27:07.925] [Debug_Mode] Found recipe: Pumpkin (24) + SunFlower (1) -> SunPumpkin (1324)
[16:27:07.925] [Debug_Mode] Found recipe: Jalapeno (16) + DoomShroom (11) -> DoomJalapeno (1317)
[16:27:07.926] [Debug_Mode] Found recipe: DoomShroom (11) + Jalapeno (16) -> DoomJalapeno (1317)
[16:27:07.926] [Debug_Mode] Found recipe: Melonpult (32) + Magnetshroom (25) -> MagnetMelon (1314)
[16:27:07.926] [Debug_Mode] Found recipe: Magnetshroom (25) + Melonpult (32) -> MagnetMelon (1314)
[16:27:07.926] [Debug_Mode] Found recipe: WallNut (3) + FumeShroom (7) -> NutFume (1312)
[16:27:07.926] [Debug_Mode] Found recipe: FumeShroom (7) + WallNut (3) -> NutFume (1312)
[16:27:07.927] [Debug_Mode] Found recipe: WallNut (3) + ScaredyShroom (9) -> ScaredyNut (1310)
[16:27:07.927] [Debug_Mode] Found recipe: ScaredyShroom (9) + WallNut (3) -> ScaredyNut (1310)
[16:27:07.927] [Debug_Mode] Found recipe: WallNut (3) + Plantern (20) -> LanternNut (1309)
[16:27:07.927] [Debug_Mode] Found recipe: Plantern (20) + WallNut (3) -> LanternNut (1309)
[16:27:07.928] [Debug_Mode] Found recipe: SunFlower (1) + Jalapeno (16) -> SunJalapeno (1308)
[16:27:07.928] [Debug_Mode] Found recipe: Jalapeno (16) + SunFlower (1) -> SunJalapeno (1308)
[16:27:07.928] [Debug_Mode] Found recipe: SunFlower (1) + StarFruit (23) -> SunStar (1307)
[16:27:07.928] [Debug_Mode] Found recipe: StarFruit (23) + SunFlower (1) -> SunStar (1307)
[16:27:07.928] [Debug_Mode] Found recipe: SunFlower (1) + TorchWood (18) -> TorchSunflower (1304)
[16:27:07.929] [Debug_Mode] Found recipe: TorchWood (18) + SunFlower (1) -> TorchSunflower (1304)
[16:27:07.929] [Debug_Mode] Found recipe: SeaShroom (19) + DoomShroom (11) -> DoomSeaShroom (1303)
[16:27:07.929] [Debug_Mode] Found recipe: SeaShroom (19) + SmallPuff (6) -> PuffSeaShroom (1302)
[16:27:07.929] [Debug_Mode] Found recipe: SeaShroom (19) + HypnoShroom (8) -> SeaHypno (1305)
[16:27:07.930] [Debug_Mode] Found recipe: SeaShroom (19) + Squash (13) -> SeaSquash (1392)
[16:27:07.930] [Debug_Mode] Found recipe: SeaShroom (19) + TorchWood (18) -> TorchSeaShroom (1430)
[16:27:07.930] [Debug_Mode] Found recipe: SeaShroom (19) + Chomper (5) -> SeaChomper (1456)
[16:27:07.931] [Debug_Mode] Found recipe: Peashooter (0) + FumeShroom (7) -> PeaFume (1298)
[16:27:07.931] [Debug_Mode] Found recipe: FumeShroom (7) + Peashooter (0) -> PeaFume (1298)
[16:27:07.932] [Debug_Mode] Found recipe: PotatoMine (4) + Marigold (31) -> TreasureMine (1296)
[16:27:07.935] [Debug_Mode] Found recipe: Marigold (31) + PotatoMine (4) -> TreasureMine (1296)
[16:27:07.935] [Debug_Mode] Found recipe: WallNut (3) + ThreePeater (14) -> ThreeNut (1295)
[16:27:07.935] [Debug_Mode] Found recipe: ThreePeater (14) + WallNut (3) -> ThreeNut (1295)
[16:27:07.936] [Debug_Mode] Found recipe: SeaShroom (19) + ScaredyShroom (9) -> SeaScaredyshroom (1294)
[16:27:07.936] [Debug_Mode] Found recipe: SeaShroom (19) + FumeShroom (7) -> SeaFume (1291)
[16:27:07.936] [Debug_Mode] Found recipe: SeaShroom (19) + IceShroom (10) -> IceSeashroom (1297)
[16:27:07.936] [Debug_Mode] Found recipe: Melonpult (32) + HypnoShroom (8) -> HypnoMelon (1286)
[16:27:07.937] [Debug_Mode] Found recipe: HypnoShroom (8) + Melonpult (32) -> HypnoMelon (1286)
[16:27:07.937] [Debug_Mode] Found recipe: WallNut (3) + Marigold (31) -> SilverNut (1284)
[16:27:07.937] [Debug_Mode] Found recipe: Marigold (31) + WallNut (3) -> SilverNut (1284)
[16:27:07.937] [Debug_Mode] Found recipe: WallNut (3) + TorchWood (18) -> NutTorch (1282)
[16:27:07.938] [Debug_Mode] Found recipe: TorchWood (18) + WallNut (3) -> NutTorch (1282)
[16:27:07.938] [Debug_Mode] Found recipe: WallNut (3) + Magnetshroom (25) -> MagnetNut (1279)
[16:27:07.938] [Debug_Mode] Found recipe: Magnetshroom (25) + WallNut (3) -> MagnetNut (1279)
[16:27:07.939] [Debug_Mode] Found recipe: WallNut (3) + Garlic (29) -> GarlicNut (1278)
[16:27:07.939] [Debug_Mode] Found recipe: Garlic (29) + WallNut (3) -> GarlicNut (1278)
[16:27:07.939] [Debug_Mode] Found recipe: StarFruit (23) + DoomShroom (11) -> DoomStar (1277)
[16:27:07.939] [Debug_Mode] Found recipe: DoomShroom (11) + StarFruit (23) -> DoomStar (1277)
[16:27:07.939] [Debug_Mode] Found recipe: Blover (22) + IceShroom (10) -> IceBlover (1276)
[16:27:07.939] [Debug_Mode] Found recipe: IceShroom (10) + Blover (22) -> IceBlover (1276)
[16:27:07.940] [Debug_Mode] Found recipe: Blover (22) + DoomShroom (11) -> DoomBlover (1275)
[16:27:07.940] [Debug_Mode] Found recipe: DoomShroom (11) + Blover (22) -> DoomBlover (1275)
[16:27:07.940] [Debug_Mode] Found recipe: CherryBomb (2) + ScaredyShroom (9) -> CherryScaredy (1274)
[16:27:07.940] [Debug_Mode] Found recipe: ScaredyShroom (9) + CherryBomb (2) -> CherryScaredy (1274)
[16:27:07.940] [Debug_Mode] Found recipe: Blover (22) + ScaredyShroom (9) -> ScaredyBlover (1273)
[16:27:07.940] [Debug_Mode] Found recipe: ScaredyShroom (9) + Blover (22) -> ScaredyBlover (1273)
[16:27:07.940] [Debug_Mode] Found recipe: Peashooter (0) + HypnoShroom (8) -> HypnoPeashooter (1267)
[16:27:07.941] [Debug_Mode] Found recipe: HypnoShroom (8) + Peashooter (0) -> HypnoPeashooter (1267)
[16:27:07.941] [Debug_Mode] Found recipe: DoubleShooter (1030) + HypnoShroom (8) -> HypnoRepeater (1268)
[16:27:07.941] [Debug_Mode] Found recipe: HypnoShroom (8) + DoubleShooter (1030) -> HypnoRepeater (1268)
[16:27:07.941] [Debug_Mode] Found recipe: SplitPea (1090) + HypnoShroom (8) -> HypnoSplit (1269)
[16:27:07.941] [Debug_Mode] Found recipe: HypnoShroom (8) + SplitPea (1090) -> HypnoSplit (1269)
[16:27:07.941] [Debug_Mode] Found recipe: GatlingPea (1032) + HypnoShroom (8) -> HypnoGatling (1270)
[16:27:07.942] [Debug_Mode] Found recipe: HypnoShroom (8) + GatlingPea (1032) -> HypnoGatling (1270)
[16:27:07.942] [Debug_Mode] Found recipe: Peashooter (0) + HypnoPeashooter (1267) -> HypnoRepeater (1268)
[16:27:07.942] [Debug_Mode] Found recipe: HypnoPeashooter (1267) + Peashooter (0) -> HypnoRepeater (1268)
[16:27:07.942] [Debug_Mode] Found recipe: Peashooter (0) + HypnoRepeater (1268) -> HypnoSplit (1269)
[16:27:07.942] [Debug_Mode] Found recipe: HypnoRepeater (1268) + Peashooter (0) -> HypnoSplit (1269)
[16:27:07.943] [Debug_Mode] Found recipe: Peashooter (0) + HypnoSplit (1269) -> HypnoGatling (1270)
[16:27:07.943] [Debug_Mode] Found recipe: HypnoSplit (1269) + Peashooter (0) -> HypnoGatling (1270)
[16:27:07.943] [Debug_Mode] Found recipe: DoubleShooter (1030) + HypnoPeashooter (1267) -> HypnoSplit (1269)
[16:27:07.943] [Debug_Mode] Found recipe: HypnoPeashooter (1267) + DoubleShooter (1030) -> HypnoSplit (1269)
[16:27:07.943] [Debug_Mode] Found recipe: DoubleShooter (1030) + HypnoRepeater (1268) -> HypnoGatling (1270)
[16:27:07.943] [Debug_Mode] Found recipe: HypnoRepeater (1268) + DoubleShooter (1030) -> HypnoGatling (1270)
[16:27:07.943] [Debug_Mode] Found recipe: SplitPea (1090) + HypnoPeashooter (1267) -> HypnoGatling (1270)
[16:27:07.943] [Debug_Mode] Found recipe: HypnoPeashooter (1267) + SplitPea (1090) -> HypnoGatling (1270)
[16:27:07.943] [Debug_Mode] Found recipe: Peashooter (0) + Plantern (20) -> LanternPea (1373)
[16:27:07.943] [Debug_Mode] Found recipe: Plantern (20) + Peashooter (0) -> LanternPea (1373)
[16:27:07.944] [Debug_Mode] Found recipe: DoubleShooter (1030) + Plantern (20) -> LanternRepeater (1381)
[16:27:07.944] [Debug_Mode] Found recipe: Plantern (20) + DoubleShooter (1030) -> LanternRepeater (1381)
[16:27:07.944] [Debug_Mode] Found recipe: SplitPea (1090) + Plantern (20) -> LanternSplit (1382)
[16:27:07.944] [Debug_Mode] Found recipe: Plantern (20) + SplitPea (1090) -> LanternSplit (1382)
[16:27:07.944] [Debug_Mode] Found recipe: GatlingPea (1032) + Plantern (20) -> LanternGatling (1383)
[16:27:07.944] [Debug_Mode] Found recipe: Plantern (20) + GatlingPea (1032) -> LanternGatling (1383)
[16:27:07.944] [Debug_Mode] Found recipe: Peashooter (0) + LanternPea (1373) -> LanternRepeater (1381)
[16:27:07.944] [Debug_Mode] Found recipe: LanternPea (1373) + Peashooter (0) -> LanternRepeater (1381)
[16:27:07.944] [Debug_Mode] Found recipe: Peashooter (0) + LanternRepeater (1381) -> LanternSplit (1382)
[16:27:07.945] [Debug_Mode] Found recipe: LanternRepeater (1381) + Peashooter (0) -> LanternSplit (1382)
[16:27:07.945] [Debug_Mode] Found recipe: Peashooter (0) + LanternSplit (1382) -> LanternGatling (1383)
[16:27:07.945] [Debug_Mode] Found recipe: LanternSplit (1382) + Peashooter (0) -> LanternGatling (1383)
[16:27:07.945] [Debug_Mode] Found recipe: DoubleShooter (1030) + LanternPea (1373) -> LanternSplit (1382)
[16:27:07.945] [Debug_Mode] Found recipe: LanternPea (1373) + DoubleShooter (1030) -> LanternSplit (1382)
[16:27:07.945] [Debug_Mode] Found recipe: DoubleShooter (1030) + LanternRepeater (1381) -> LanternGatling (1383)
[16:27:07.945] [Debug_Mode] Found recipe: LanternRepeater (1381) + DoubleShooter (1030) -> LanternGatling (1383)
[16:27:07.946] [Debug_Mode] Found recipe: SplitPea (1090) + LanternPea (1373) -> LanternGatling (1383)
[16:27:07.946] [Debug_Mode] Found recipe: LanternPea (1373) + SplitPea (1090) -> LanternGatling (1383)
[16:27:07.946] [Debug_Mode] Found recipe: Peashooter (0) + Garlic (29) -> GarlicPea (1385)
[16:27:07.946] [Debug_Mode] Found recipe: Garlic (29) + Peashooter (0) -> GarlicPea (1385)
[16:27:07.946] [Debug_Mode] Found recipe: DoubleShooter (1030) + Garlic (29) -> GarlicRepeater (1386)
[16:27:07.946] [Debug_Mode] Found recipe: Garlic (29) + DoubleShooter (1030) -> GarlicRepeater (1386)
[16:27:07.946] [Debug_Mode] Found recipe: SplitPea (1090) + Garlic (29) -> GarlicSplit (1387)
[16:27:07.946] [Debug_Mode] Found recipe: Garlic (29) + SplitPea (1090) -> GarlicSplit (1387)
[16:27:07.946] [Debug_Mode] Found recipe: GatlingPea (1032) + Garlic (29) -> GarlicGatling (1388)
[16:27:07.946] [Debug_Mode] Found recipe: Garlic (29) + GatlingPea (1032) -> GarlicGatling (1388)
[16:27:07.946] [Debug_Mode] Found recipe: Peashooter (0) + GarlicPea (1385) -> GarlicRepeater (1386)
[16:27:07.946] [Debug_Mode] Found recipe: GarlicPea (1385) + Peashooter (0) -> GarlicRepeater (1386)
[16:27:07.947] [Debug_Mode] Found recipe: Peashooter (0) + GarlicRepeater (1386) -> GarlicSplit (1387)
[16:27:07.947] [Debug_Mode] Found recipe: GarlicRepeater (1386) + Peashooter (0) -> GarlicSplit (1387)
[16:27:07.949] [Debug_Mode] Found recipe: Peashooter (0) + GarlicSplit (1387) -> GarlicGatling (1388)
[16:27:07.950] [Debug_Mode] Found recipe: GarlicSplit (1387) + Peashooter (0) -> GarlicGatling (1388)
[16:27:07.950] [Debug_Mode] Found recipe: DoubleShooter (1030) + GarlicPea (1385) -> GarlicSplit (1387)
[16:27:07.950] [Debug_Mode] Found recipe: GarlicPea (1385) + DoubleShooter (1030) -> GarlicSplit (1387)
[16:27:07.950] [Debug_Mode] Found recipe: DoubleShooter (1030) + GarlicRepeater (1386) -> GarlicGatling (1388)
[16:27:07.950] [Debug_Mode] Found recipe: GarlicRepeater (1386) + DoubleShooter (1030) -> GarlicGatling (1388)
[16:27:07.950] [Debug_Mode] Found recipe: SplitPea (1090) + GarlicPea (1385) -> GarlicGatling (1388)
[16:27:07.950] [Debug_Mode] Found recipe: GarlicPea (1385) + SplitPea (1090) -> GarlicGatling (1388)
[16:27:07.951] [Debug_Mode] Found recipe: Peashooter (0) + Jalapeno (16) -> JalaPeashooter (1319)
[16:27:07.951] [Debug_Mode] Found recipe: Jalapeno (16) + Peashooter (0) -> JalaPeashooter (1319)
[16:27:07.951] [Debug_Mode] Found recipe: DoubleShooter (1030) + Jalapeno (16) -> JalaDoubleshooter (1320)
[16:27:07.951] [Debug_Mode] Found recipe: Jalapeno (16) + DoubleShooter (1030) -> JalaDoubleshooter (1320)
[16:27:07.951] [Debug_Mode] Found recipe: SplitPea (1090) + Jalapeno (16) -> JalaSplit (1321)
[16:27:07.951] [Debug_Mode] Found recipe: Jalapeno (16) + SplitPea (1090) -> JalaSplit (1321)
[16:27:07.951] [Debug_Mode] Found recipe: GatlingPea (1032) + Jalapeno (16) -> JalaGatling (1322)
[16:27:07.951] [Debug_Mode] Found recipe: Jalapeno (16) + GatlingPea (1032) -> JalaGatling (1322)
[16:27:07.951] [Debug_Mode] Found recipe: Peashooter (0) + JalaPeashooter (1319) -> JalaDoubleshooter (1320)
[16:27:07.951] [Debug_Mode] Found recipe: JalaPeashooter (1319) + Peashooter (0) -> JalaDoubleshooter (1320)
[16:27:07.951] [Debug_Mode] Found recipe: Peashooter (0) + JalaDoubleshooter (1320) -> JalaSplit (1321)
[16:27:07.951] [Debug_Mode] Found recipe: JalaDoubleshooter (1320) + Peashooter (0) -> JalaSplit (1321)
[16:27:07.952] [Debug_Mode] Found recipe: Peashooter (0) + JalaSplit (1321) -> JalaGatling (1322)
[16:27:07.952] [Debug_Mode] Found recipe: JalaSplit (1321) + Peashooter (0) -> JalaGatling (1322)
[16:27:07.952] [Debug_Mode] Found recipe: DoubleShooter (1030) + JalaPeashooter (1319) -> JalaSplit (1321)
[16:27:07.952] [Debug_Mode] Found recipe: JalaPeashooter (1319) + DoubleShooter (1030) -> JalaSplit (1321)
[16:27:07.952] [Debug_Mode] Found recipe: DoubleShooter (1030) + JalaDoubleshooter (1320) -> JalaGatling (1322)
[16:27:07.952] [Debug_Mode] Found recipe: JalaDoubleshooter (1320) + DoubleShooter (1030) -> JalaGatling (1322)
[16:27:07.952] [Debug_Mode] Found recipe: SplitPea (1090) + JalaPeashooter (1319) -> JalaGatling (1322)
[16:27:07.952] [Debug_Mode] Found recipe: JalaPeashooter (1319) + SplitPea (1090) -> JalaGatling (1322)
[16:27:07.953] [Debug_Mode] Found recipe: Shulkflower (33) + Bamboo (39) -> ShulkBamboo (1264)
[16:27:07.953] [Debug_Mode] Found recipe: Bamboo (39) + Shulkflower (33) -> ShulkBamboo (1264)
[16:27:07.953] [Debug_Mode] Found recipe: WallNut (3) + Cornpult (28) -> CornNut (1263)
[16:27:07.953] [Debug_Mode] Found recipe: Cornpult (28) + WallNut (3) -> CornNut (1263)
[16:27:07.953] [Debug_Mode] Found recipe: WallNut (3) + Cabbagepult (26) -> CabbageNut (1262)
[16:27:07.953] [Debug_Mode] Found recipe: Cabbagepult (26) + WallNut (3) -> CabbageNut (1262)
[16:27:07.953] [Debug_Mode] Found recipe: WallNut (3) + Melonpult (32) -> MelonNut (1261)
[16:27:07.953] [Debug_Mode] Found recipe: Melonpult (32) + WallNut (3) -> MelonNut (1261)
[16:27:07.954] [Debug_Mode] Found recipe: SpruceShooter (36) + Bamboo (39) -> BambooSpruce (1260)
[16:27:07.954] [Debug_Mode] Found recipe: Bamboo (39) + SpruceShooter (36) -> BambooSpruce (1260)
[16:27:07.954] [Debug_Mode] Found recipe: IceLotus (37) + Bamboo (39) -> LotusBamboo (1258)
[16:27:07.954] [Debug_Mode] Found recipe: Bamboo (39) + IceLotus (37) -> LotusBamboo (1258)
[16:27:07.954] [Debug_Mode] Found recipe: WaterAloes (38) + Bamboo (39) -> WaterBamboo (1259)
[16:27:07.954] [Debug_Mode] Found recipe: Bamboo (39) + WaterAloes (38) -> WaterBamboo (1259)
[16:27:07.955] [Debug_Mode] Found recipe: WallNut (3) + StarFruit (23) -> StarNut (1257)
[16:27:07.955] [Debug_Mode] Found recipe: StarFruit (23) + WallNut (3) -> StarNut (1257)
[16:27:07.955] [Debug_Mode] Found recipe: WallNut (3) + Cactus (21) -> CactusNut (1256)
[16:27:07.955] [Debug_Mode] Found recipe: Cactus (21) + WallNut (3) -> CactusNut (1256)
[16:27:07.955] [Debug_Mode] Found recipe: WallNut (3) + Blover (22) -> NutBlover (1255)
[16:27:07.955] [Debug_Mode] Found recipe: Blover (22) + WallNut (3) -> NutBlover (1255)
[16:27:07.955] [Debug_Mode] Found recipe: SpruceBallista (1247) + WaterAloes (38) -> WaterBallista (1254)
[16:27:07.955] [Debug_Mode] Found recipe: DoomShroom (11) + Marigold (31) -> SilverDoom (1251)
[16:27:07.955] [Debug_Mode] Found recipe: Marigold (31) + DoomShroom (11) -> SilverDoom (1251)
[16:27:07.956] [Debug_Mode] Found recipe: Squash (13) + WallNut (3) -> SquashNut (1250)
[16:27:07.956] [Debug_Mode] Found recipe: WallNut (3) + Squash (13) -> SquashNut (1250)
[16:27:07.956] [Debug_Mode] Found recipe: SunFlower (1) + DoomShroom (11) -> DoomSunflower (1248)
[16:27:07.956] [Debug_Mode] Found recipe: DoomShroom (11) + SunFlower (1) -> DoomSunflower (1248)
[16:27:07.956] [Debug_Mode] Found recipe: SunFlower (1) + ScaredyShroom (9) -> ScaredSun (1246)
[16:27:07.956] [Debug_Mode] Found recipe: ScaredyShroom (9) + SunFlower (1) -> ScaredSun (1246)
[16:27:07.956] [Debug_Mode] Found recipe: SunFlower (1) + FumeShroom (7) -> BigSunShroom (1245)
[16:27:07.956] [Debug_Mode] Found recipe: FumeShroom (7) + SunFlower (1) -> BigSunShroom (1245)
[16:27:07.957] [Debug_Mode] Found recipe: CherryBomb (2) + Blover (22) -> CherryBlover (1244)
[16:27:07.957] [Debug_Mode] Found recipe: Blover (22) + CherryBomb (2) -> CherryBlover (1244)
[16:27:07.957] [Debug_Mode] Found recipe: Pot (27) + CherryBomb (2) -> CherryPot (1243)
[16:27:07.957] [Debug_Mode] Found recipe: Chomper (5) + Plantern (20) -> LanternChomper (1241)
[16:27:07.957] [Debug_Mode] Found recipe: Plantern (20) + Chomper (5) -> LanternChomper (1241)
[16:27:07.957] [Debug_Mode] Found recipe: ThreePeater (14) + PotatoMine (4) -> ThreeMine (1240)
[16:27:07.957] [Debug_Mode] Found recipe: PotatoMine (4) + ThreePeater (14) -> ThreeMine (1240)
[16:27:07.958] [Debug_Mode] Found recipe: Caltrop (17) + Tanglekelp (15) -> CaltropKelp_land (1238)
[16:27:07.958] [Debug_Mode] Found recipe: Tanglekelp (15) + Caltrop (17) -> CaltropKelp_water (1237)
[16:27:07.959] [Debug_Mode] Found recipe: WallNut (3) + DoomShroom (11) -> DoomNut (1236)
[16:27:07.959] [Debug_Mode] Found recipe: DoomShroom (11) + WallNut (3) -> DoomNut (1236)
[16:27:07.960] [Debug_Mode] Found recipe: WallNut (3) + Jalapeno (16) -> FireNut (1235)
[16:27:07.960] [Debug_Mode] Found recipe: Jalapeno (16) + WallNut (3) -> FireNut (1235)
[16:27:07.961] [Debug_Mode] Found recipe: PotatoMine (4) + Tanglekelp (15) -> KelpMine_land (1232)
[16:27:07.961] [Debug_Mode] Found recipe: Tanglekelp (15) + PotatoMine (4) -> KelpMine_water (1233)
[16:27:07.961] [Debug_Mode] Found recipe: Tanglekelp (15) + WallNut (3) -> KelpNut (1313)
[16:27:07.962] [Debug_Mode] Found recipe: PotatoMine (4) + HypnoShroom (8) -> HypnoMine (1231)
[16:27:07.962] [Debug_Mode] Found recipe: HypnoShroom (8) + PotatoMine (4) -> HypnoMine (1231)
[16:27:07.962] [Debug_Mode] Found recipe: Garlic (29) + HypnoShroom (8) -> HypnoGarlic (1230)
[16:27:07.963] [Debug_Mode] Found recipe: HypnoShroom (8) + Garlic (29) -> HypnoGarlic (1230)
[16:27:07.963] [Debug_Mode] Found recipe: Squash (13) + HypnoShroom (8) -> HypnoSquash (1229)
[16:27:07.966] [Debug_Mode] Found recipe: HypnoShroom (8) + Squash (13) -> HypnoSquash (1229)
[16:27:07.966] [Debug_Mode] Found recipe: Squash (13) + IceShroom (10) -> IceSquash (1228)
[16:27:07.966] [Debug_Mode] Found recipe: IceShroom (10) + Squash (13) -> IceSquash (1228)
[16:27:07.967] [Debug_Mode] Found recipe: WaterAloes (38) + IceLotus (37) -> LotusAloes (1227)
[16:27:07.967] [Debug_Mode] Found recipe: IceLotus (37) + WaterAloes (38) -> LotusAloes (1227)
[16:27:07.968] [Debug_Mode] Found recipe: Shulkflower (33) + IceLotus (37) -> ShulkLotus (1222)
[16:27:07.968] [Debug_Mode] Found recipe: IceLotus (37) + Shulkflower (33) -> ShulkLotus (1222)
[16:27:07.968] [Debug_Mode] Found recipe: SpruceShooter (36) + IceLotus (37) -> LotusSpruce (1221)
[16:27:07.968] [Debug_Mode] Found recipe: IceLotus (37) + SpruceShooter (36) -> LotusSpruce (1221)
[16:27:07.969] [Debug_Mode] Found recipe: WaterSpruce (1219) + Shulkflower (33) -> SuperSpruce (1220)
[16:27:07.969] [Debug_Mode] Found recipe: Shulkflower (33) + WaterSpruce (1219) -> SuperSpruce (1220)
[16:27:07.969] [Debug_Mode] Found recipe: WaterShulk (1218) + SpruceShooter (36) -> SuperSpruce (1220)
[16:27:07.969] [Debug_Mode] Found recipe: SpruceShooter (36) + WaterShulk (1218) -> SuperSpruce (1220)
[16:27:07.969] [Debug_Mode] Found recipe: SpruceShulk (1217) + WaterAloes (38) -> SuperSpruce (1220)
[16:27:07.969] [Debug_Mode] Found recipe: WaterAloes (38) + SpruceShulk (1217) -> SuperSpruce (1220)
[16:27:07.970] [Debug_Mode] Found recipe: WaterAloes (38) + SpruceShooter (36) -> WaterSpruce (1219)
[16:27:07.970] [Debug_Mode] Found recipe: SpruceShooter (36) + WaterAloes (38) -> WaterSpruce (1219)
[16:27:07.970] [Debug_Mode] Found recipe: Shulkflower (33) + WaterAloes (38) -> WaterShulk (1218)
[16:27:07.970] [Debug_Mode] Found recipe: WaterAloes (38) + Shulkflower (33) -> WaterShulk (1218)
[16:27:07.971] [Debug_Mode] Found recipe: Shulkflower (33) + SpruceShooter (36) -> SpruceShulk (1217)
[16:27:07.971] [Debug_Mode] Found recipe: SpruceShooter (36) + Shulkflower (33) -> SpruceShulk (1217)
[16:27:07.971] [Debug_Mode] Found recipe: Peashooter (0) + Blover (22) -> PeaBlover (1216)
[16:27:07.971] [Debug_Mode] Found recipe: Blover (22) + Peashooter (0) -> PeaBlover (1216)
[16:27:07.971] [Debug_Mode] Found recipe: DoomShroom (11) + Magnetshroom (25) -> MagnetDoom (1213)
[16:27:07.971] [Debug_Mode] Found recipe: Magnetshroom (25) + DoomShroom (11) -> MagnetDoom (1213)
[16:27:07.971] [Debug_Mode] Found recipe: CherryBomb (2) + IceShroom (10) -> IceCherry (1212)
[16:27:07.971] [Debug_Mode] Found recipe: IceShroom (10) + CherryBomb (2) -> IceCherry (1212)
[16:27:07.971] [Debug_Mode] Found recipe: Cornpult (28) + Magnetshroom (25) -> MagnetCorn (1209)
[16:27:07.971] [Debug_Mode] Found recipe: Magnetshroom (25) + Cornpult (28) -> MagnetCorn (1209)
[16:27:07.972] [Debug_Mode] Found recipe: Umbrellaleaf (30) + CherryBomb (2) -> CherryUmbrella (1207)
[16:27:07.972] [Debug_Mode] Found recipe: CherryBomb (2) + Umbrellaleaf (30) -> CherryUmbrella (1207)
[16:27:07.972] [Debug_Mode] Found recipe: Umbrellaleaf (30) + WallNut (3) -> NutUmbrella (1206)
[16:27:07.972] [Debug_Mode] Found recipe: WallNut (3) + Umbrellaleaf (30) -> NutUmbrella (1206)
[16:27:07.972] [Debug_Mode] Found recipe: Umbrellaleaf (30) + Blover (22) -> BloverUmbrella (1204)
[16:27:07.972] [Debug_Mode] Found recipe: Blover (22) + Umbrellaleaf (30) -> BloverUmbrella (1204)
[16:27:07.972] [Debug_Mode] Found recipe: ScaredyShroom (9) + StarFruit (23) -> ScaredyStar (1201)
[16:27:07.972] [Debug_Mode] Found recipe: StarFruit (23) + ScaredyShroom (9) -> ScaredyStar (1201)
[16:27:07.972] [Debug_Mode] Found recipe: DoomShroom (11) + TorchWood (18) -> DoomTorch (1199)
[16:27:07.972] [Debug_Mode] Found recipe: TorchWood (18) + DoomShroom (11) -> DoomTorch (1199)
[16:27:07.972] [Debug_Mode] Found recipe: StarFruit (23) + Jalapeno (16) -> JalaStar (1198)
[16:27:07.972] [Debug_Mode] Found recipe: Jalapeno (16) + StarFruit (23) -> JalaStar (1198)
[16:27:07.972] [Debug_Mode] Found recipe: StarFruit (23) + TorchWood (18) -> StarTorch (1197)
[16:27:07.972] [Debug_Mode] Found recipe: TorchWood (18) + StarFruit (23) -> StarTorch (1197)
[16:27:07.972] [Debug_Mode] Found recipe: FumeShroom (7) + Melonpult (32) -> MelonFume (1196)
[16:27:07.972] [Debug_Mode] Found recipe: Melonpult (32) + FumeShroom (7) -> MelonFume (1196)
[16:27:07.972] [Debug_Mode] Found recipe: Peashooter (0) + DoomShroom (11) -> DoomPeashooter (1194)
[16:27:07.972] [Debug_Mode] Found recipe: DoomShroom (11) + Peashooter (0) -> DoomPeashooter (1194)
[16:27:07.972] [Debug_Mode] Found recipe: FumeShroom (7) + Jalapeno (16) -> FireFume (1193)
[16:27:07.973] [Debug_Mode] Found recipe: Jalapeno (16) + FumeShroom (7) -> FireFume (1193)
[16:27:07.973] [Debug_Mode] Found recipe: Chomper (5) + DoomShroom (11) -> DoomChomper (1192)
[16:27:07.973] [Debug_Mode] Found recipe: DoomShroom (11) + Chomper (5) -> DoomChomper (1192)
[16:27:07.973] [Debug_Mode] Found recipe: Cactus (21) + DoomShroom (11) -> DoomCactus (1191)
[16:27:07.973] [Debug_Mode] Found recipe: DoomShroom (11) + Cactus (21) -> DoomCactus (1191)
[16:27:07.973] [Debug_Mode] Found recipe: WallNut (3) + IceShroom (10) -> IceNut (1189)
[16:27:07.973] [Debug_Mode] Found recipe: IceShroom (10) + WallNut (3) -> IceNut (1189)
[16:27:07.973] [Debug_Mode] Found recipe: Marigold (31) + SunFlower (1) -> SilverSunflower (1187)
[16:27:07.973] [Debug_Mode] Found recipe: SunFlower (1) + Marigold (31) -> SilverSunflower (1187)
[16:27:07.973] [Debug_Mode] Found recipe: WallNut (3) + Caltrop (17) -> CaltropNut (1048)
[16:27:07.973] [Debug_Mode] Found recipe: Caltrop (17) + WallNut (3) -> CaltropNut (1048)
[16:27:07.973] [Debug_Mode] Found recipe: Umbrellaleaf (30) + Cactus (21) -> CactusUmbrella (1186)
[16:27:07.973] [Debug_Mode] Found recipe: Cactus (21) + Umbrellaleaf (30) -> CactusUmbrella (1186)
[16:27:07.973] [Debug_Mode] Found recipe: Umbrellaleaf (30) + Plantern (20) -> LanternUmbrella (1185)
[16:27:07.973] [Debug_Mode] Found recipe: Plantern (20) + Umbrellaleaf (30) -> LanternUmbrella (1185)
[16:27:07.973] [Debug_Mode] Found recipe: IceShroom (10) + TorchWood (18) -> IceTorch (1182)
[16:27:07.974] [Debug_Mode] Found recipe: TorchWood (18) + IceShroom (10) -> IceTorch (1182)
[16:27:07.974] [Debug_Mode] Found recipe: Blover (22) + Garlic (29) -> GarlicBlover (1181)
[16:27:07.974] [Debug_Mode] Found recipe: Garlic (29) + Blover (22) -> GarlicBlover (1181)
[16:27:07.974] [Debug_Mode] Found recipe: IceShroom (10) + Caltrop (17) -> IceCaltrop (1180)
[16:27:07.974] [Debug_Mode] Found recipe: Caltrop (17) + IceShroom (10) -> IceCaltrop (1180)
[16:27:07.974] [Debug_Mode] Found recipe: CherryBomb (2) + Jalapeno (16) -> CherryJalapeno (1179)
[16:27:07.974] [Debug_Mode] Found recipe: Jalapeno (16) + CherryBomb (2) -> CherryJalapeno (1179)
[16:27:07.974] [Debug_Mode] Found recipe: Shulkflower (33) + Shulkflower (33) -> Twinshulk (1177)
[16:27:07.974] [Debug_Mode] Found recipe: CherryBomb (2) + TorchWood (18) -> CherryTorch (1178)
[16:27:07.974] [Debug_Mode] Found recipe: TorchWood (18) + CherryBomb (2) -> CherryTorch (1178)
[16:27:07.974] [Debug_Mode] Found recipe: Blover (22) + HypnoShroom (8) -> HypnoBlover (1176)
[16:27:07.974] [Debug_Mode] Found recipe: HypnoShroom (8) + Blover (22) -> HypnoBlover (1176)
[16:27:07.974] [Debug_Mode] Found recipe: IceShroom (10) + Jalapeno (16) -> ObsidianJalapeno (1173)
[16:27:07.974] [Debug_Mode] Found recipe: Jalapeno (16) + IceShroom (10) -> ObsidianJalapeno (1173)
[16:27:07.974] [Debug_Mode] Found recipe: Garlic (29) + FumeShroom (7) -> GarlicFume (1172)
[16:27:07.974] [Debug_Mode] Found recipe: FumeShroom (7) + Garlic (29) -> GarlicFume (1172)
[16:27:07.975] [Debug_Mode] Found recipe: ScaredyShroom (9) + PotatoMine (4) -> ScaredyPotato (1171)
[16:27:07.975] [Debug_Mode] Found recipe: PotatoMine (4) + ScaredyShroom (9) -> ScaredyPotato (1171)
[16:27:07.975] [Debug_Mode] Found recipe: WallNut (3) + HypnoShroom (8) -> HypnoNut (1147)
[16:27:07.975] [Debug_Mode] Found recipe: HypnoShroom (8) + WallNut (3) -> HypnoNut (1147)
[16:27:07.975] [Debug_Mode] Found recipe: WallNut (3) + WallNut (3) -> BigWallNut (255)
[16:27:07.975] [Debug_Mode] Found recipe: SunFlower (1) + SunFlower (1) -> TwinFlower (1033)
[16:27:07.975] [Debug_Mode] Found recipe: Pumpkin (24) + Pumpkin (24) -> Pumpiner (1410)
[16:27:07.975] [Debug_Mode] Found recipe: Peashooter (0) + Peashooter (0) -> DoubleShooter (1030)
[16:27:07.975] [Debug_Mode] Found recipe: Peashooter (0) + DoubleShooter (1030) -> SplitPea (1090)
[16:27:07.975] [Debug_Mode] Found recipe: DoubleShooter (1030) + Peashooter (0) -> SplitPea (1090)
[16:27:07.975] [Debug_Mode] Found recipe: Peashooter (0) + SplitPea (1090) -> GatlingPea (1032)
[16:27:07.975] [Debug_Mode] Found recipe: SplitPea (1090) + Peashooter (0) -> GatlingPea (1032)
[16:27:07.975] [Debug_Mode] Found recipe: DoubleShooter (1030) + DoubleShooter (1030) -> GatlingPea (1032)
[16:27:07.975] [Debug_Mode] Found recipe: Peashooter (0) + SnowPeaShooter (1034) -> DoubleSnow (1105)
[16:27:07.975] [Debug_Mode] Found recipe: SnowPeaShooter (1034) + Peashooter (0) -> DoubleSnow (1105)
[16:27:07.975] [Debug_Mode] Found recipe: Peashooter (0) + DoubleSnow (1105) -> SnowSplit (1107)
[16:27:07.975] [Debug_Mode] Found recipe: DoubleSnow (1105) + Peashooter (0) -> SnowSplit (1107)
[16:27:07.975] [Debug_Mode] Found recipe: Peashooter (0) + SnowSplit (1107) -> SnowGatling (1106)
[16:27:07.976] [Debug_Mode] Found recipe: SnowSplit (1107) + Peashooter (0) -> SnowGatling (1106)
[16:27:07.976] [Debug_Mode] Found recipe: DoubleShooter (1030) + SnowPeaShooter (1034) -> SnowSplit (1107)
[16:27:07.976] [Debug_Mode] Found recipe: SnowPeaShooter (1034) + DoubleShooter (1030) -> SnowSplit (1107)
[16:27:07.976] [Debug_Mode] Found recipe: DoubleShooter (1030) + DoubleSnow (1105) -> SnowGatling (1106)
[16:27:07.976] [Debug_Mode] Found recipe: DoubleSnow (1105) + DoubleShooter (1030) -> SnowGatling (1106)
[16:27:07.976] [Debug_Mode] Found recipe: SplitPea (1090) + SnowPeaShooter (1034) -> SnowGatling (1106)
[16:27:07.976] [Debug_Mode] Found recipe: SnowPeaShooter (1034) + SplitPea (1090) -> SnowGatling (1106)
[16:27:07.976] [Debug_Mode] Found recipe: Peashooter (0) + IceShroom (10) -> SnowPeaShooter (1034)
[16:27:07.976] [Debug_Mode] Found recipe: IceShroom (10) + Peashooter (0) -> SnowPeaShooter (1034)
[16:27:07.976] [Debug_Mode] Found recipe: DoubleShooter (1030) + IceShroom (10) -> DoubleSnow (1105)
[16:27:07.976] [Debug_Mode] Found recipe: IceShroom (10) + DoubleShooter (1030) -> DoubleSnow (1105)
[16:27:07.976] [Debug_Mode] Found recipe: SplitPea (1090) + IceShroom (10) -> SnowSplit (1107)
[16:27:07.976] [Debug_Mode] Found recipe: IceShroom (10) + SplitPea (1090) -> SnowSplit (1107)
[16:27:07.976] [Debug_Mode] Found recipe: GatlingPea (1032) + IceShroom (10) -> SnowGatling (1106)
[16:27:07.976] [Debug_Mode] Found recipe: IceShroom (10) + GatlingPea (1032) -> SnowGatling (1106)
[16:27:07.977] [Debug_Mode] Found recipe: CherryBomb (2) + PotatoMine (4) -> CherryMine (1162)
[16:27:07.977] [Debug_Mode] Found recipe: PotatoMine (4) + CherryBomb (2) -> CherryMine (1162)
[16:27:07.977] [Debug_Mode] Found recipe: Jalapeno (16) + PotatoMine (4) -> JalaMine (1163)
[16:27:07.977] [Debug_Mode] Found recipe: PotatoMine (4) + Jalapeno (16) -> JalaMine (1163)
[16:27:07.977] [Debug_Mode] Found recipe: Peashooter (0) + SunFlower (1) -> PeaSunFlower (1000)
[16:27:07.977] [Debug_Mode] Found recipe: SunFlower (1) + Peashooter (0) -> PeaSunFlower (1000)
[16:27:07.977] [Debug_Mode] Found recipe: Peashooter (0) + CherryBomb (2) -> Cherryshooter (1001)
[16:27:07.977] [Debug_Mode] Found recipe: CherryBomb (2) + Peashooter (0) -> Cherryshooter (1001)
[16:27:07.977] [Debug_Mode] Found recipe: SunFlower (1) + CherryBomb (2) -> SunBomb (1002)
[16:27:07.977] [Debug_Mode] Found recipe: CherryBomb (2) + SunFlower (1) -> SunBomb (1002)
[16:27:07.977] [Debug_Mode] Found recipe: CherryBomb (2) + WallNut (3) -> CherryNut (1003)
[16:27:07.977] [Debug_Mode] Found recipe: WallNut (3) + CherryBomb (2) -> CherryNut (1003)
[16:27:07.977] [Debug_Mode] Found recipe: Peashooter (0) + WallNut (3) -> PeaNut (1004)
[16:27:07.977] [Debug_Mode] Found recipe: WallNut (3) + Peashooter (0) -> PeaNut (1004)
[16:27:07.977] [Debug_Mode] Found recipe: Cherryshooter (1001) + CherryBomb (2) -> SuperCherryShooter (1005)
[16:27:07.977] [Debug_Mode] Found recipe: CherryBomb (2) + Cherryshooter (1001) -> SuperCherryShooter (1005)
[16:27:07.977] [Debug_Mode] Found recipe: SunFlower (1) + WallNut (3) -> SunNut (1006)
[16:27:07.977] [Debug_Mode] Found recipe: WallNut (3) + SunFlower (1) -> SunNut (1006)
[16:27:07.977] [Debug_Mode] Found recipe: Peashooter (0) + PotatoMine (4) -> PeaMine (1007)
[16:27:07.977] [Debug_Mode] Found recipe: PotatoMine (4) + Peashooter (0) -> PeaMine (1007)
[16:27:07.978] [Debug_Mode] Found recipe: Peashooter (0) + Cherryshooter (1001) -> DoubleCherry (1008)
[16:27:07.978] [Debug_Mode] Found recipe: Cherryshooter (1001) + Peashooter (0) -> DoubleCherry (1008)
[16:27:07.978] [Debug_Mode] Found recipe: Peashooter (0) + DoubleCherry (1008) -> CherrySplit (1108)
[16:27:07.978] [Debug_Mode] Found recipe: DoubleCherry (1008) + Peashooter (0) -> CherrySplit (1108)
[16:27:07.978] [Debug_Mode] Found recipe: Peashooter (0) + CherrySplit (1108) -> CherryGatling (1017)
[16:27:07.978] [Debug_Mode] Found recipe: CherrySplit (1108) + Peashooter (0) -> CherryGatling (1017)
[16:27:07.978] [Debug_Mode] Found recipe: DoubleShooter (1030) + Cherryshooter (1001) -> CherrySplit (1108)
[16:27:07.978] [Debug_Mode] Found recipe: Cherryshooter (1001) + DoubleShooter (1030) -> CherrySplit (1108)
[16:27:07.978] [Debug_Mode] Found recipe: DoubleShooter (1030) + DoubleCherry (1008) -> CherryGatling (1017)
[16:27:07.978] [Debug_Mode] Found recipe: DoubleCherry (1008) + DoubleShooter (1030) -> CherryGatling (1017)
[16:27:07.978] [Debug_Mode] Found recipe: SplitPea (1090) + Cherryshooter (1001) -> CherryGatling (1017)
[16:27:07.978] [Debug_Mode] Found recipe: Cherryshooter (1001) + SplitPea (1090) -> CherryGatling (1017)
[16:27:07.978] [Debug_Mode] Found recipe: DoubleShooter (1030) + CherryBomb (2) -> DoubleCherry (1008)
[16:27:07.978] [Debug_Mode] Found recipe: CherryBomb (2) + DoubleShooter (1030) -> DoubleCherry (1008)
[16:27:07.978] [Debug_Mode] Found recipe: SplitPea (1090) + CherryBomb (2) -> CherrySplit (1108)
[16:27:07.978] [Debug_Mode] Found recipe: CherryBomb (2) + SplitPea (1090) -> CherrySplit (1108)
[16:27:07.982] [Debug_Mode] Found recipe: GatlingPea (1032) + CherryBomb (2) -> CherryGatling (1017)
[16:27:07.982] [Debug_Mode] Found recipe: CherryBomb (2) + GatlingPea (1032) -> CherryGatling (1017)
[16:27:07.982] [Debug_Mode] Found recipe: SunFlower (1) + PotatoMine (4) -> SunMine (1009)
[16:27:07.982] [Debug_Mode] Found recipe: PotatoMine (4) + SunFlower (1) -> SunMine (1009)
[16:27:07.982] [Debug_Mode] Found recipe: WallNut (3) + PotatoMine (4) -> PotatoNut (1010)
[16:27:07.983] [Debug_Mode] Found recipe: PotatoMine (4) + WallNut (3) -> PotatoNut (1010)
[16:27:07.983] [Debug_Mode] Found recipe: Peashooter (0) + Chomper (5) -> PeaChomper (1011)
[16:27:07.983] [Debug_Mode] Found recipe: Chomper (5) + Peashooter (0) -> PeaChomper (1011)
[16:27:07.983] [Debug_Mode] Found recipe: WallNut (3) + Chomper (5) -> NutChomper (1012)
[16:27:07.983] [Debug_Mode] Found recipe: Chomper (5) + WallNut (3) -> NutChomper (1012)
[16:27:07.983] [Debug_Mode] Found recipe: NutChomper (1012) + Peashooter (0) -> SuperChomper (1013)
[16:27:07.983] [Debug_Mode] Found recipe: Peashooter (0) + NutChomper (1012) -> SuperChomper (1013)
[16:27:07.983] [Debug_Mode] Found recipe: PeaChomper (1011) + WallNut (3) -> SuperChomper (1013)
[16:27:07.983] [Debug_Mode] Found recipe: WallNut (3) + PeaChomper (1011) -> SuperChomper (1013)
[16:27:07.983] [Debug_Mode] Found recipe: PeaNut (1004) + Chomper (5) -> SuperChomper (1013)
[16:27:07.983] [Debug_Mode] Found recipe: Chomper (5) + PeaNut (1004) -> SuperChomper (1013)
[16:27:07.983] [Debug_Mode] Found recipe: SunFlower (1) + Chomper (5) -> SunChomper (1014)
[16:27:07.983] [Debug_Mode] Found recipe: Chomper (5) + SunFlower (1) -> SunChomper (1014)
[16:27:07.983] [Debug_Mode] Found recipe: Chomper (5) + PotatoMine (4) -> PotatoChomper (1015)
[16:27:07.984] [Debug_Mode] Found recipe: PotatoMine (4) + Chomper (5) -> PotatoChomper (1015)
[16:27:07.984] [Debug_Mode] Found recipe: Chomper (5) + CherryBomb (2) -> CherryChomper (1016)
[16:27:07.984] [Debug_Mode] Found recipe: CherryBomb (2) + Chomper (5) -> CherryChomper (1016)
[16:27:07.984] [Debug_Mode] Found recipe: FumeShroom (7) + HypnoShroom (8) -> HypnoFume (1023)
[16:27:07.984] [Debug_Mode] Found recipe: HypnoShroom (8) + FumeShroom (7) -> HypnoFume (1023)
[16:27:07.984] [Debug_Mode] Found recipe: HypnoShroom (8) + ScaredyShroom (9) -> ScaredyHypno (1024)
[16:27:07.984] [Debug_Mode] Found recipe: ScaredyShroom (9) + HypnoShroom (8) -> ScaredyHypno (1024)
[16:27:07.984] [Debug_Mode] Found recipe: FumeShroom (7) + ScaredyShroom (9) -> ScaredFume (1025)
[16:27:07.984] [Debug_Mode] Found recipe: ScaredyShroom (9) + FumeShroom (7) -> ScaredFume (1025)
[16:27:07.984] [Debug_Mode] Found recipe: ScaredFume (1025) + HypnoShroom (8) -> SuperHypno (1026)
[16:27:07.984] [Debug_Mode] Found recipe: HypnoShroom (8) + ScaredFume (1025) -> SuperHypno (1026)
[16:27:07.984] [Debug_Mode] Found recipe: ScaredyHypno (1024) + FumeShroom (7) -> SuperHypno (1026)
[16:27:07.984] [Debug_Mode] Found recipe: FumeShroom (7) + ScaredyHypno (1024) -> SuperHypno (1026)
[16:27:07.984] [Debug_Mode] Found recipe: HypnoFume (1023) + ScaredyShroom (9) -> SuperHypno (1026)
[16:27:07.984] [Debug_Mode] Found recipe: ScaredyShroom (9) + HypnoFume (1023) -> SuperHypno (1026)
[16:27:07.984] [Debug_Mode] Found recipe: IceShroom (10) + FumeShroom (7) -> IceFumeShroom (1037)
[16:27:07.984] [Debug_Mode] Found recipe: FumeShroom (7) + IceShroom (10) -> IceFumeShroom (1037)
[16:27:07.984] [Debug_Mode] Found recipe: IceShroom (10) + ScaredyShroom (9) -> IceScaredyShroom (1038)
[16:27:07.984] [Debug_Mode] Found recipe: ScaredyShroom (9) + IceShroom (10) -> IceScaredyShroom (1038)
[16:27:07.985] [Debug_Mode] Found recipe: TallNut (1027) + IceShroom (10) -> TallIceNut (1039)
[16:27:07.985] [Debug_Mode] Found recipe: IceNut (1189) + TallNut (1027) -> TallIceNut (1039)
[16:27:07.985] [Debug_Mode] Found recipe: IceShroom (10) + HypnoShroom (8) -> IceHypno (1041)
[16:27:07.985] [Debug_Mode] Found recipe: HypnoShroom (8) + IceShroom (10) -> IceHypno (1041)
[16:27:07.985] [Debug_Mode] Found recipe: IceShroom (10) + DoomShroom (11) -> IceDoom (1040)
[16:27:07.985] [Debug_Mode] Found recipe: DoomShroom (11) + IceShroom (10) -> IceDoom (1040)
[16:27:07.985] [Debug_Mode] Found recipe: FumeShroom (7) + DoomShroom (11) -> DoomFume (1043)
[16:27:07.985] [Debug_Mode] Found recipe: DoomShroom (11) + FumeShroom (7) -> DoomFume (1043)
[16:27:07.985] [Debug_Mode] Found recipe: ScaredyShroom (9) + DoomShroom (11) -> ScaredyDoom (1042)
[16:27:07.985] [Debug_Mode] Found recipe: DoomShroom (11) + ScaredyShroom (9) -> ScaredyDoom (1042)
[16:27:07.985] [Debug_Mode] Found recipe: HypnoShroom (8) + DoomShroom (11) -> HypnoDoom (1045)
[16:27:07.985] [Debug_Mode] Found recipe: DoomShroom (11) + HypnoShroom (8) -> HypnoDoom (1045)
[16:27:07.985] [Debug_Mode] Found recipe: IceDoom (1040) + FumeShroom (7) -> SuperFume (1046)
[16:27:07.985] [Debug_Mode] Found recipe: FumeShroom (7) + IceDoom (1040) -> SuperFume (1046)
[16:27:07.985] [Debug_Mode] Found recipe: IceFumeShroom (1037) + DoomShroom (11) -> SuperFume (1046)
[16:27:07.985] [Debug_Mode] Found recipe: DoomShroom (11) + IceFumeShroom (1037) -> SuperFume (1046)
[16:27:07.985] [Debug_Mode] Found recipe: DoomFume (1043) + IceShroom (10) -> SuperFume (1046)
[16:27:07.985] [Debug_Mode] Found recipe: IceShroom (10) + DoomFume (1043) -> SuperFume (1046)
[16:27:07.986] [Debug_Mode] Found recipe: FireFume (1193) + GloomShroom (1070) -> FireGloom (1071)
[16:27:07.986] [Debug_Mode] Found recipe: IceFumeShroom (1037) + GloomShroom (1070) -> IceGloom (1072)
[16:27:07.986] [Debug_Mode] Found recipe: GloomShroom (1070) + IceShroom (10) -> IceGloom (1072)
[16:27:07.986] [Debug_Mode] Found recipe: GloomShroom (1070) + Jalapeno (16) -> FireGloom (1071)
[16:27:07.986] [Debug_Mode] Found recipe: ThreePeater (14) + Squash (13) -> ThreeSquash (1047)
[16:27:07.986] [Debug_Mode] Found recipe: Squash (13) + ThreePeater (14) -> ThreeSquash (1047)
[16:27:07.986] [Debug_Mode] Found recipe: ThreePeater (14) + TorchWood (18) -> ThreeTorch (1055)
[16:27:07.986] [Debug_Mode] Found recipe: TorchWood (18) + ThreePeater (14) -> ThreeTorch (1055)
[16:27:07.986] [Debug_Mode] Found recipe: Squash (13) + Jalapeno (16) -> JalaSquash (1054)
[16:27:07.986] [Debug_Mode] Found recipe: Jalapeno (16) + Squash (13) -> JalaSquash (1054)
[16:27:07.986] [Debug_Mode] Found recipe: ThreePeater (14) + Jalapeno (16) -> DarkThreePeater (1058)
[16:27:07.987] [Debug_Mode] Found recipe: Jalapeno (16) + ThreePeater (14) -> DarkThreePeater (1058)
[16:27:07.987] [Debug_Mode] Found recipe: Squash (13) + TorchWood (18) -> SquashTorch (1059)
[16:27:07.987] [Debug_Mode] Found recipe: TorchWood (18) + Squash (13) -> SquashTorch (1059)
[16:27:07.987] [Debug_Mode] Found recipe: TorchWood (18) + Jalapeno (16) -> JalaTorch (1053)
[16:27:07.987] [Debug_Mode] Found recipe: Jalapeno (16) + TorchWood (18) -> JalaTorch (1053)
[16:27:07.987] [Debug_Mode] Found recipe: Jalapeno (16) + JalaTorch (1053) -> SuperTorch (1052)
[16:27:07.988] [Debug_Mode] Found recipe: JalaTorch (1053) + Jalapeno (16) -> SuperTorch (1052)
[16:27:07.988] [Debug_Mode] Found recipe: Tanglekelp (15) + DoomShroom (11) -> DoomKelp (1414)
[16:27:07.988] [Debug_Mode] Found recipe: Tanglekelp (15) + Jalapeno (16) -> Jalakelp (1049)
[16:27:07.988] [Debug_Mode] Found recipe: Tanglekelp (15) + Squash (13) -> Squashkelp (1050)
[16:27:07.988] [Debug_Mode] Found recipe: Tanglekelp (15) + ThreePeater (14) -> Threekelp (1051)
[16:27:07.989] [Debug_Mode] Found recipe: Tanglekelp (15) + TorchWood (18) -> KelpTorch (1056)
[16:27:07.989] [Debug_Mode] Found recipe: Tanglekelp (15) + FumeShroom (7) -> KelpFume (1395)
[16:27:07.989] [Debug_Mode] Found recipe: Caltrop (17) + TorchWood (18) -> TorchSpike (1061)
[16:27:07.989] [Debug_Mode] Found recipe: TorchWood (18) + Caltrop (17) -> TorchSpike (1061)
[16:27:07.989] [Debug_Mode] Found recipe: Caltrop (17) + Jalapeno (16) -> JalaCaltrop (1062)
[16:27:07.989] [Debug_Mode] Found recipe: Jalapeno (16) + Caltrop (17) -> JalaCaltrop (1062)
[16:27:07.989] [Debug_Mode] Found recipe: Caltrop (17) + Squash (13) -> SquashSpike (1063)
[16:27:07.989] [Debug_Mode] Found recipe: Squash (13) + Caltrop (17) -> SquashSpike (1063)
[16:27:07.989] [Debug_Mode] Found recipe: Caltrop (17) + ThreePeater (14) -> ThreeSpike (1064)
[16:27:07.989] [Debug_Mode] Found recipe: ThreePeater (14) + Caltrop (17) -> ThreeSpike (1064)
[16:27:07.989] [Debug_Mode] Found recipe: Squashkelp (1050) + ThreePeater (14) -> SuperKelp (1066)
[16:27:07.989] [Debug_Mode] Found recipe: Threekelp (1051) + Squash (13) -> SuperKelp (1066)
[16:27:07.989] [Debug_Mode] Found recipe: Tanglekelp (15) + ThreeSquash (1047) -> SuperKelp (1066)
[16:27:07.989] [Debug_Mode] Found recipe: CattailPlant (1067) + IceShroom (10) -> IceCattail (1068)
[16:27:07.989] [Debug_Mode] Found recipe: CattailPlant (1067) + Jalapeno (16) -> FireCattail (1069)
[16:27:07.989] [Debug_Mode] Found recipe: TallNut (1027) + Jalapeno (16) -> TallFireNut (1073)
[16:27:07.990] [Debug_Mode] Found recipe: FireNut (1235) + TallNut (1027) -> TallFireNut (1073)
[16:27:07.990] [Debug_Mode] Found recipe: SpikeRock (1060) + Jalapeno (16) -> FireSpikeRock (1075)
[16:27:07.990] [Debug_Mode] Found recipe: JalaCaltrop (1062) + SpikeRock (1060) -> FireSpikeRock (1075)
[16:27:07.990] [Debug_Mode] Found recipe: SpikeRock (1060) + IceShroom (10) -> IceSpikeRock (1074)
[16:27:07.990] [Debug_Mode] Found recipe: IceCaltrop (1180) + SpikeRock (1060) -> IceSpikeRock (1074)
[16:27:07.990] [Debug_Mode] Found recipe: GatlingPea (1032) + HelmetPlant (225) -> HelmetGatling (1306)
[16:27:07.990] [Debug_Mode] Found recipe: Peashooter (0) + BucketPlant (224) -> IronPea (1020)
[16:27:07.990] [Debug_Mode] Found recipe: Peashooter (0) + PortalPlant (214) -> PortalPea (1208)
[16:27:07.990] [Debug_Mode] Found recipe: PeaPuff (1018) + BucketPlant (224) -> IronPuff (1152)
[16:27:07.990] [Debug_Mode] Found recipe: Squash (13) + BucketPlant (224) -> IronSquash (1253)
[16:27:07.990] [Debug_Mode] Found recipe: WallNut (3) + BucketPlant (224) -> IronNut (1029)
[16:27:07.990] [Debug_Mode] Found recipe: WallNut (3) + MachineShardPlant (215) -> MachineNut (1129)
[16:27:07.990] [Debug_Mode] Found recipe: WallNut (3) + SuperMachineShardPlant (216) -> SuperMachineNut (1151)
[16:27:07.991] [Debug_Mode] Found recipe: WallNut (3) + PortalPlant (214) -> PortalNut (1215)
[16:27:07.991] [Debug_Mode] Found recipe: TallNut (1027) + HelmetPlant (225) -> TallNutFootball (1028)
[16:27:07.991] [Debug_Mode] Found recipe: MagnetPumpkin (1092) + BucketPlant (224) -> IronPumpkin (1097)
[16:27:07.991] [Debug_Mode] Found recipe: MagnetPumpkin (1092) + JackboxPlant (212) -> JackboxPumpkin (1098)
[16:27:07.991] [Debug_Mode] Found recipe: MagnetPumpkin (1092) + PickaxePlant (213) -> PickaxePumpkin (1099)
[16:27:07.991] [Debug_Mode] Found recipe: MagnetStar (1093) + BucketPlant (224) -> IronStar (1096)
[16:27:07.991] [Debug_Mode] Found recipe: MagnetStar (1093) + JackboxPlant (212) -> JackboxStar (1094)
[16:27:07.991] [Debug_Mode] Found recipe: MagnetStar (1093) + PickaxePlant (213) -> PickaxeStar (1095)
[16:27:07.991] [Debug_Mode] Found recipe: MagnetCorn (1209) + BucketPlant (224) -> IronCorn (1211)
[16:27:07.991] [Debug_Mode] Found recipe: MagnetCorn (1209) + PortalPlant (214) -> PortalCorn (1210)
[16:27:07.991] [Debug_Mode] Found recipe: MagnetFume (1158) + BucketPlant (224) -> IronFume (1159)
[16:27:07.991] [Debug_Mode] Found recipe: IronFume (1159) + HelmetPlant (225) -> HelmetFume (1160)
[16:27:07.991] [Debug_Mode] Found recipe: MagnetDoom (1213) + PortalPlant (214) -> PortalDoom (1214)
[16:27:07.991] [Debug_Mode] Found recipe: MagnetDoom (1213) + BucketPlant (224) -> BucketDoom (1239)
[16:27:07.991] [Debug_Mode] Found recipe: MagnetDoom (1213) + JackboxPlant (212) -> JackboxDoom (1242)
[16:27:07.991] [Debug_Mode] Found recipe: MagnetMelon (1314) + BucketPlant (224) -> IronMelon (1315)
[16:27:07.992] [Debug_Mode] Found recipe: MagnetMelon (1314) + PortalPlant (214) -> PortalMelon (1316)
[16:27:07.992] [Debug_Mode] Found recipe: UltimatePortalSniper (986) + HelmetPlant (225) -> UltimateHelmetGatling (985)
[16:27:07.992] [Debug_Mode] Found recipe: UltimateHelmetGatling (985) + PortalPlant (214) -> UltimatePortalSniper (986)
[16:27:07.992] [Debug_Mode] Found recipe: UltimateKelp (941) + PresentZombie (250) -> UltimatePresentKelp (5003)
[16:27:07.992] [Debug_Mode] Found recipe: UltimatePresentKelp (5003) + Present (256) -> UltimateKelp (941)
[16:27:07.992] [Debug_Mode] Found recipe: UltimateCattail (958) + SeaShroom (19) -> UltimateFireSeaShroom (996)
[16:27:07.992] [Debug_Mode] Found recipe: UltimateFireSeaShroom (996) + CattailPlant (1067) -> UltimateCattail (958)
[16:27:07.992] [Debug_Mode] Found recipe: UltimateIceShroom (992) + DoomShroom (11) -> UltimateIceShroom2 (995)
[16:27:07.992] [Debug_Mode] Found recipe: UltimateIceShroom2 (995) + IceShroom (10) -> UltimateIceShroom (992)
[16:27:07.992] [Debug_Mode] Found recipe: UltimateSpring (940) + Cornpult (28) -> UltimateCornFume (991)
[16:27:07.992] [Debug_Mode] Found recipe: UltimateCornFume (991) + Melonpult (32) -> UltimateSpring (940)
[16:27:07.992] [Debug_Mode] Found recipe: UltimateLanternSplit (984) + Garlic (29) -> UltimateGarlicSplit (989)
[16:27:07.992] [Debug_Mode] Found recipe: UltimateGarlicSplit (989) + Plantern (20) -> UltimateLanternSplit (984)
[16:27:07.993] [Debug_Mode] Found recipe: DeathChomper (956) + PotatoMine (4) -> DeathMine (983)
[16:27:07.993] [Debug_Mode] Found recipe: DeathMine (983) + Chomper (5) -> DeathChomper (956)
[16:27:07.993] [Debug_Mode] Found recipe: GoldThreePlantern (982) + TorchWood (18) -> GoldThreeTorch (932)
[16:27:07.993] [Debug_Mode] Found recipe: GoldThreeTorch (932) + Plantern (20) -> GoldThreePlantern (982)
[16:27:07.993] [Debug_Mode] Found recipe: UltimateWinterMelon (957) + DoomShroom (11) -> UltimateIceDoom (981)
[16:27:07.993] [Debug_Mode] Found recipe: UltimateIceDoom (981) + Melonpult (32) -> UltimateWinterMelon (957)
[16:27:07.993] [Debug_Mode] Found recipe: UltimateSpruce (947) + Bamboo (39) -> UltimateBamboo (980)
[16:27:07.993] [Debug_Mode] Found recipe: UltimateBamboo (980) + SpruceShooter (36) -> UltimateSpruce (947)
[16:27:07.994] [Debug_Mode] Found recipe: SmallPuff (6) + UltimateJalapeno (977) -> UltimateJalaPuff (990)
[16:27:07.994] [Debug_Mode] Found recipe: SmallPuff (6) + UltimateMelon (914) -> UltimateMelonPuff (952)
[16:27:07.994] [Debug_Mode] Found recipe: UltimateMelonPuff (952) + Melonpult (32) -> UltimateMelon (914)
[16:27:07.994] [Debug_Mode] Found recipe: Pot (27) + SuperCaltrop (970) -> SuperCaltropPot (978)
[16:27:07.994] [Debug_Mode] Found recipe: IFVPumpkin (935) + StarFruit (23) -> IFVPumpkin (935)
[16:27:07.994] [Debug_Mode] Found recipe: Pumpkin (24) + IFVStar (976) -> IFVPumpkin (935)
[16:27:07.994] [Debug_Mode] Found recipe: LaserUmbrella (937) + IceShroom (10) -> IceLaserUmbrella (975)
[16:27:07.994] [Debug_Mode] Found recipe: IceLaserUmbrella (975) + Plantern (20) -> LaserUmbrella (937)
[16:27:07.999] [Debug_Mode] Found recipe: UltimateMagnet (944) + SunFlower (1) -> UltimateSunMagnet (974)
[16:27:07.999] [Debug_Mode] Found recipe: UltimateSunMagnet (974) + CherryBomb (2) -> UltimateMagnet (944)
[16:27:07.999] [Debug_Mode] Found recipe: CattailLour (926) + ElectricOnion (34) -> PinkOnion (973)
[16:27:07.999] [Debug_Mode] Found recipe: PinkOnion (973) + CattailPlant (1067) -> CattailLour (926)
[16:27:08.000] [Debug_Mode] Found recipe: UltimateDoomScaredy (972) + Peashooter (0) -> UltimateDoomGatling (971)
[16:27:08.000] [Debug_Mode] Found recipe: UltimateDoomGatling (971) + ScaredyShroom (9) -> UltimateDoomScaredy (972)
[16:27:08.000] [Debug_Mode] Found recipe: GatlingDoomScaredy (930) + DoomShroom (11) -> UltimateDoomScaredy (972)
[16:27:08.000] [Debug_Mode] Found recipe: DoomGatling (907) + DoomShroom (11) -> UltimateDoomGatling (971)
[16:27:08.000] [Debug_Mode] Found recipe: SuperSunNut (905) + Jalapeno (16) -> SuperJalaNut (968)
[16:27:08.000] [Debug_Mode] Found recipe: SuperJalaNut (968) + SunFlower (1) -> SuperSunNut (905)
[16:27:08.000] [Debug_Mode] Found recipe: SnowGatlingPuff (908) + Peashooter (0) -> UltimateSnowGatlingPuff (987)
[16:27:08.001] [Debug_Mode] Found recipe: SunGatlingPuff (929) + Peashooter (0) -> UltimateSunGatlingPuff (988)
[16:27:08.001] [Debug_Mode] Found recipe: UltimateSnowGatlingPuff (987) + SunFlower (1) -> UltimateSunGatlingPuff (988)
[16:27:08.001] [Debug_Mode] Found recipe: UltimateSunGatlingPuff (988) + IceShroom (10) -> UltimateSnowGatlingPuff (987)
[16:27:08.001] [Debug_Mode] Found recipe: SuperThreePeater (919) + Jalapeno (16) -> SuperThreePeater_sp (999)
[16:27:08.001] [Debug_Mode] Found recipe: SuperThreePeater_sp (999) + Blover (22) -> FlyingThreePeater_sp (5000)
[16:27:08.001] [Debug_Mode] Found recipe: Blover (22) + SuperThreePeater_sp (999) -> FlyingThreePeater_sp (5000)
[16:27:08.001] [Debug_Mode] Found recipe: SuperSunNut (905) + WallNut (3) -> UltimateSunNut (963)
[16:27:08.001] [Debug_Mode] Found recipe: SuperJalaNut (968) + WallNut (3) -> UltimateJalaNut (969)
[16:27:08.001] [Debug_Mode] Found recipe: UltimateSunNut (963) + Jalapeno (16) -> UltimateJalaNut (969)
[16:27:08.001] [Debug_Mode] Found recipe: UltimateJalaNut (969) + SunFlower (1) -> UltimateSunNut (963)
[16:27:08.001] [Debug_Mode] Found recipe: Pumpkin (24) + UltimateHypno (924) -> UltimateHypnoPumpkin (967)
[16:27:08.001] [Debug_Mode] Found recipe: UltimateExplodeCannon (953) + Cabbagepult (26) -> UltimateCabbageCannon (966)
[16:27:08.002] [Debug_Mode] Found recipe: UltimateCabbageCannon (966) + Cornpult (28) -> UltimateExplodeCannon (953)
[16:27:08.002] [Debug_Mode] Found recipe: NuclearSquash (965) + CherryBomb (2) -> NuclearDoomCherry (959)
[16:27:08.002] [Debug_Mode] Found recipe: NuclearDoomCherry (959) + Squash (13) -> NuclearSquash (965)
[16:27:08.002] [Debug_Mode] Found recipe: UltimateCannon (915) + Melonpult (32) -> UltimateMelonCannon (964)
[16:27:08.002] [Debug_Mode] Found recipe: UltimateMelonCannon (964) + Cornpult (28) -> UltimateCannon (915)
[16:27:08.002] [Debug_Mode] Found recipe: SuperThreePeater (919) + Blover (22) -> FlyingThreePeater (962)
[16:27:08.002] [Debug_Mode] Found recipe: IFVIronPuff (942) + Blover (22) -> IFVBlover (961)
[16:27:08.002] [Debug_Mode] Found recipe: IFVBlover (961) + Magnetshroom (25) -> IFVIronPuff (942)
[16:27:08.002] [Debug_Mode] Found recipe: UltimateCabbage (934) + Plantern (20) -> UltimateLunarCabbage (955)
[16:27:08.002] [Debug_Mode] Found recipe: UltimateLunarCabbage (955) + SunFlower (1) -> UltimateCabbage (934)
[16:27:08.002] [Debug_Mode] Found recipe: UltimateRedLunar (302) + Plantern (20) -> UltimateLunarCabbage (955)
[16:27:08.002] [Debug_Mode] Found recipe: UltimateGloom (910) + Plantern (20) -> UltimatePlantern (949)
[16:27:08.002] [Debug_Mode] Found recipe: UltimatePlantern (949) + GloomShroom (1070) -> UltimateGloom (910)
[16:27:08.002] [Debug_Mode] Found recipe: UltimateTorch (902) + StarFruit (23) -> UltimateStarTorch (948)
[16:27:08.002] [Debug_Mode] Found recipe: UltimateStarTorch (948) + Squash (13) -> UltimateTorch (902)
[16:27:08.002] [Debug_Mode] Found recipe: UltimateBigGatling (927) + SniperPea (1109) -> UltimateBigSniper (946)
[16:27:08.002] [Debug_Mode] Found recipe: UltimateBigSniper (946) + Peashooter (0) -> UltimateBigGatling (927)
[16:27:08.002] [Debug_Mode] Found recipe: UltimateCorn (943) + WallNut (3) -> UltimatePortalNut (945)
[16:27:08.002] [Debug_Mode] Found recipe: UltimatePortalNut (945) + Cornpult (28) -> UltimateCorn (943)
[16:27:08.002] [Debug_Mode] Found recipe: UltimateGatling (901) + Blover (22) -> UltimateGatlingBlover (939)
[16:27:08.002] [Debug_Mode] Found recipe: SuperHypnoDoom (928) + Marigold (31) -> GoldHypnoDoom (938)
[16:27:08.003] [Debug_Mode] Found recipe: GoldHypnoDoom (938) + DoomShroom (11) -> SuperHypnoDoom (928)
[16:27:08.003] [Debug_Mode] Found recipe: UltimateCactus (933) + FumeShroom (7) -> UltimateFume (904)
[16:27:08.003] [Debug_Mode] Found recipe: UltimateFume (904) + Cactus (21) -> UltimateCactus (933)
[16:27:08.003] [Debug_Mode] Found recipe: ObsidianSpike (906) + WallNut (3) -> ObsidianWallNut (931)
[16:27:08.003] [Debug_Mode] Found recipe: ObsidianWallNut (931) + SpikeRock (1060) -> ObsidianSpike (906)
[16:27:08.003] [Debug_Mode] Found recipe: GatlingDoomScaredy (930) + Peashooter (0) -> DoomGatling (907)
[16:27:08.003] [Debug_Mode] Found recipe: DoomGatling (907) + ScaredyShroom (9) -> GatlingDoomScaredy (930)
[16:27:08.003] [Debug_Mode] Found recipe: SnowGatlingPuff (908) + SunFlower (1) -> SunGatlingPuff (929)
[16:27:08.003] [Debug_Mode] Found recipe: SunGatlingPuff (929) + IceShroom (10) -> SnowGatlingPuff (908)
[16:27:08.003] [Debug_Mode] Found recipe: EmeraldUmbrella (916) + Melonpult (32) -> RedEmeraldUmbrella (923)
[16:27:08.003] [Debug_Mode] Found recipe: RedEmeraldUmbrella (923) + Cabbagepult (26) -> EmeraldUmbrella (916)
[16:27:08.003] [Debug_Mode] Found recipe: UltimateStar (909) + Blover (22) -> UltimateBlover (920)
[16:27:08.003] [Debug_Mode] Found recipe: UltimateBlover (920) + StarFruit (23) -> UltimateStar (909)
[16:27:08.003] [Debug_Mode] Found recipe: UltimatePumpkin (911) + CherryBomb (2) -> CherryUltimatePumpkin (922)
[16:27:08.003] [Debug_Mode] Found recipe: CherryUltimatePumpkin (922) + Cactus (21) -> UltimatePumpkin (911)
[16:27:08.003] [Debug_Mode] Found recipe: UltimateChomper (903) + Garlic (29) -> GarlicUltimateChomper (921)
[16:27:08.003] [Debug_Mode] Found recipe: GarlicUltimateChomper (921) + CherryBomb (2) -> UltimateChomper (903)
[16:27:08.003] [Debug_Mode] Found recipe: HypnoEmperor (900) + CherryBomb (2) -> HypnoQueen (917)
[16:27:08.003] [Debug_Mode] Found recipe: HypnoQueen (917) + HypnoShroom (8) -> HypnoEmperor (900)
[16:27:08.003] [Debug_Mode] Found recipe: UltimateTallNut (913) + PotatoMine (4) -> UltimatePotatoNut (925)
[16:27:08.003] [Debug_Mode] Found recipe: UltimatePotatoNut (925) + TallNut (1027) -> UltimateTallNut (913)
[16:27:08.003] [Debug_Mode] Found recipe: SniperPea (1109) + Peashooter (0) -> SuperGatling (1168)
[16:27:08.003] [Debug_Mode] Found recipe: SuperGatling (1168) + Peashooter (0) -> SniperPea (1109)
